***** External Functions *****
1    AddFontRegistrationToLog                           isrt.obl(Misc.obs)
2    AppSearch                                          isrt.obl(Driver.obs)
3    CCPSearch                                          isrt.obl(Driver.obs)
4    ChangeDirectory                                    isrt.obl(Files.obs)
5    CloseFile                                          isrt.obl(Files.obs)
6    CmdGetHwndDlg                                      isrt.obl(CustomDialog.obs)
7    ComponentAddFileToLog                              isrt.obl(component.obs)
8    ComponentIsItemSelected                            isrt.obl(component.obs)
9    ComponentListItems                                 isrt.obl(component.obs)
10   ComponentSelectItem                                isrt.obl(component.obs)
11   ComponentTreeInit                                  isrt.obl(Dialogs.obs)
12   CreateDir                                          isrt.obl(Files.obs)
13   CreateFile                                         isrt.obl(Files.obs)
14   CreateInstallationInfo                             isrt.obl(Registry.obs)
15   CreateRegistrySet                                  isrt.obl(Feature.obs)
16   CtrlGetDlgItem                                     isrt.obl(CustomDialog.obs)
17   CtrlGetState                                       isrt.obl(CustomDialog.obs)
18   CtrlGetText                                        isrt.obl(CustomDialog.obs)
19   CtrlSelectText                                     isrt.obl(CustomDialog.obs)
20   CtrlSetState                                       isrt.obl(CustomDialog.obs)
21   CtrlSetText                                        isrt.obl(CustomDialog.obs)
22   DIFxDriverPackageUninstall                         isrt.obl(ISDIFx.obs)
23   DRMINSTALLERPRO.DRMInstallPRO                      isrt.obl(Activation.obs)
24   DRMINSTALLERPRO.DRMUnInstallPRO                    isrt.obl(Activation.obs)
25   DefineDialog                                       isrt.obl(CustomDialog.obs)
26   Delay                                              isrt.obl(Misc.obs)
27   DeleteFile                                         isrt.obl(Files.obs)
28   DeleteSingleFile                                   isrt.obl(Files.obs)
29   DialogSetDefaultFont                               isrt.obl(Dialogs.obs)
30   DialogSetFont                                      isrt.obl(Dialogs.obs)
31   DialogSetInfo                                      isrt.obl(Dialogs.obs)
32   Disable                                            isrt.obl(Enable.obs)
33   DllSizeOf                                          isrt.obl(Str.obs)
34   Do                                                 isrt.obl(Misc.obs)
35   Enable                                             isrt.obl(Enable.obs)
36   EndCurrentDialog                                   isrt.obl(Dialogs.obs)
37   EndDialog                                          isrt.obl(CustomDialog.obs)
38   EnterDisk                                          isrt.obl(ISRTScriptDialogs.obs)
39   EnterDiskError                                     isrt.obl(ISRTScriptDialogs.obs)
40   EnterPassword                                      isrt.obl(ISRTScriptDialogs.obs)
41   ExistsDir                                          isrt.obl(Files.obs)
42   ExistsDisk                                         isrt.obl(Files.obs)
43   ExitInstall                                        isrt.obl(Driver.obs)
44   EzDefineDialog                                     isrt.obl(CustomDialog.obs)
45   FeatureAddFileToLog                                isrt.obl(Feature.obs)
46   FeatureErrorInfo                                   isrt.obl(Feature.obs)
47   FeatureFilterLanguage                              isrt.obl(Feature.obs)
48   FeatureFilterOS                                    isrt.obl(Feature.obs)
49   FeatureIsItemSelected                              isrt.obl(Feature.obs)
50   FeatureListItems                                   isrt.obl(Feature.obs)
51   FeaturePatch                                       isrt.obl(Feature.obs)
52   FeatureReinstall                                   isrt.obl(Feature.obs)
53   FeatureRemoveAllInLogOnly                          isrt.obl(Feature.obs)
54   FeatureRemoveAllInMedia                            isrt.obl(Feature.obs)
55   FeatureRemoveAllInMediaAndLog                      isrt.obl(Feature.obs)
56   FeatureSaveTarget                                  isrt.obl(Feature.obs)
57   FeatureSelectItem                                  isrt.obl(Feature.obs)
58   FeatureSelectNew                                   isrt.obl(Feature.obs)
59   FeatureTransferData                                isrt.obl(Feature.obs)
60   FeatureValidate                                    isrt.obl(Feature.obs)
61   FinalConstruct                                     ifx.obl(EventsPriv.obs)
62   FinalRelease                                       ifx.obl(EventsPriv.obs)
63   FindFile                                           isrt.obl(Files.obs)
64   FormatMessage                                      isrt.obl(Misc.obs)
65   GDI32.AddFontResource                              Setup.obs
66   GDI32.CreateRectRgn                                Setup.obs
67   GDI32.GetDeviceCaps                                Setup.obs
68   GDI32.RemoveFontResource                           Setup.obs
69   GetAddRemove                                       isrt.obl(SysVars.obs)
70   GetBillboard                                       isrt.obl(SysVars.obs)
71   GetCurrentDialogName                               isrt.obl(Dialogs.obs)
72   GetCurrentDir                                      isrt.obl(Files.obs)
73   GetDialogTitle                                     isrt.obl(Dialogs.obs)
74   GetDir                                             isrt.obl(Str.obs)
75   GetDisk                                            isrt.obl(Str.obs)
76   GetDiskSpace                                       isrt.obl(GSI.obs)
77   GetDiskSpaceEx                                     isrt.obl(GSI.obs)
78   GetEnabledIServices                                isrt.obl(SysVars.obs)
79   GetErrorMsg                                        isrt.obl(Dialogs.obs)
80   GetErrorTitle                                      isrt.obl(Dialogs.obs)
81   GetExtents                                         isrt.obl(GSI.obs)
82   GetFolderApplications                              isrt.obl(SysVars.obs)
83   GetFolderApplications64                            isrt.obl(SysVars.obs)
84   GetFolderDotNet10                                  isrt.obl(SysVars.obs)
85   GetFolderDotNet11                                  isrt.obl(SysVars.obs)
86   GetFolderDotNet20                                  isrt.obl(SysVars.obs)
87   GetFolderFonts                                     isrt.obl(SysVars.obs)
88   GetISRes                                           isrt.obl(SysVars.obs)
89   GetInstallScriptMSI                                isrt.obl(SysVars.obs)
90   GetInstanceGUID                                    isrt.obl(SysVars.obs)
91   GetKeyPathWinCurrVerAuto                           isrt.obl(SysVars.obs)
92   GetLog                                             isrt.obl(SysVars.obs)
93   GetLogEx                                           isrt.obl(SysVars.obs)
94   GetMaintOption                                     isrt.obl(SysVars.obs)
95   GetMaintenance                                     isrt.obl(SysVars.obs)
96   GetMultiInstanceCount                              isrt.obl(SysVars.obs)
97   GetOpenFileMode                                    isrt.obl(Files.obs)
98   GetPackageLocation                                 isrt.obl(SysVars.obs)
99   GetProductGUID                                     isrt.obl(SysVars.obs)
100  GetProfString                                      isrt.obl(Profile.obs)
101  GetProgramFiles                                    isrt.obl(SysVars.obs)
102  GetReinstallMode                                   isrt.obl(SysVars.obs)
103  GetRemoveAllMode                                   isrt.obl(SysVars.obs)
104  GetRemoveOnly                                      isrt.obl(SysVars.obs)
105  GetShowPasswordDialog                              isrt.obl(SysVars.obs)
106  GetStandardSelectedLanguage                        isrt.obl(SysVars.obs)
107  GetSupportDir                                      isrt.obl(SysVars.obs)
108  GetSystemInfo                                      isrt.obl(GSI.obs)
109  GetTempFolder                                      isrt.obl(SysVars.obs)
110  GetTrueTypeFontFileInfo                            isrt.obl(Misc.obs)
111  GetUserSelectableAuto                              isrt.obl(SysVars.obs)
112  GetWinDir                                          isrt.obl(SysVars.obs)
113  GetWinSysDir                                       isrt.obl(SysVars.obs)
114  GetWindowHandle                                    isrt.obl(Misc.obs)
115  HIWORD                                             isrt.obl(Misc.obs)
116  ISDeterminePlatform                                isrt.obl(OsInfo.obs)
117  ISMIF32.InstallStatusMIF                           isrt.obl(MIF.obs)
118  ISRT.ComponentViewSetInfoEx                        isrt.obl(Dialogs.obs)
119  ISRT.EnableHourGlass                               isrt.obl(Enable.obs)
120  ISRT.GetCPUType                                    isrt.obl(GSI.obs)
121  ISRT.GetFontSub                                    isrt.obl(Dialogs.obs)
122  ISRT.GetHandle                                     Setup.obs
123  ISRT.GetPorts                                      isrt.obl(GSI.obs)
124  ISRT.IsEmpty                                       Setup.obs
125  ISRT.IsNTAdmin                                     isrt.obl(Is.obs)
126  ISRT.IsObject                                      Setup.obs
127  ISRT.IsPowerUser                                   isrt.obl(Is.obs)
128  ISRT.LangLoadString                                isrt.obl(SDINT.obs)
129  ISRT.MessageBeepP                                  Setup.obs
130  ISRT.PathCompactPathPixel                          isrt.obl(CustomDialog.obs)
131  ISRT.PathGetDir                                    isrt.obl(Str.obs)
132  ISRT.PathGetDrive                                  isrt.obl(Str.obs)
133  ISRT.PathGetFile                                   isrt.obl(Files.obs)
134  ISRT.PathGetFileExt                                isrt.obl(Str.obs)
135  ISRT.PathGetFileName                               isrt.obl(Str.obs)
136  ISRT.PathGetPath                                   isrt.obl(Str.obs)
137  ISRT.PathIsValidSyntax                             isrt.obl(Is.obs)
138  ISRT.VerGetFileVersion                             Setup.obs
139  ISRT._AppSearch                                    Setup.obs
140  ISRT._BrowseForFolder                              isrt.obl(ISRTScriptDialogsPriv.obs)
141  ISRT._CCPSearch                                    Setup.obs
142  ISRT._CleanupInet                                  isrt.obl(MIO.obs)
143  ISRT._CloseFile                                    isrt.obl(Files.obs)
144  ISRT._CmdGetHwndDlg                                isrt.obl(CustomDialog.obs)
145  ISRT._CompareDWORD                                 isrt.obl(Extend.obs)
146  ISRT._ComponentErrorInfo                           isrt.obl(Feature.obs)
147  ISRT._ComponentFilterLanguage                      isrt.obl(Feature.obs)
148  ISRT._ComponentFilterOS                            isrt.obl(Feature.obs)
149  ISRT._ComponentIsItemSelected                      isrt.obl(Feature.obs)
150  ISRT._ComponentListItems                           isrt.obl(Feature.obs)
151  ISRT._ComponentPatch                               isrt.obl(Feature.obs)
152  ISRT._ComponentReinstall                           isrt.obl(Feature.obs)
153  ISRT._ComponentRemoveAll                           isrt.obl(Feature.obs)
154  ISRT._ComponentRemoveAllInLogOnly                  isrt.obl(Feature.obs)
155  ISRT._ComponentSaveTarget                          isrt.obl(Feature.obs)
156  ISRT._ComponentSelectItem                          isrt.obl(Feature.obs)
157  ISRT._ComponentSelectNew                           isrt.obl(Feature.obs)
158  ISRT._ComponentTransferData                        isrt.obl(Feature.obs)
159  ISRT._ComponentValidate                            isrt.obl(Feature.obs)
160  ISRT._CreateDir                                    isrt.obl(Files.obs)
161  ISRT._CreateRegistrySet                            isrt.obl(Feature.obs)
162  ISRT._CtrlSetHtmlContent                           isrt.obl(CustomDialog.obs)
163  ISRT._DIFxDriverPackageUninstall                   isrt.obl(ISDIFx.obs)
164  ISRT._DefineDialog                                 isrt.obl(CustomDialog.obs)
165  ISRT._DialogSetFont                                isrt.obl(Dialogs.obs)
166  ISRT._DisableStatus                                isrt.obl(Enable.obs)
167  ISRT._DoSprintf                                    isrt.obl(ISRTScriptDialogsPriv.obs)
168  ISRT._EnableDialogCache                            isrt.obl(Enable.obs)
169  ISRT._EnablePrevDialog                             Setup.obs
170  ISRT._EnableSkins                                  isrt.obl(Enable.obs)
171  ISRT._EnableStatus                                 isrt.obl(Enable.obs)
172  ISRT._EnableWow64FsRedirection                     isrt.obl(Enable.obs)
173  ISRT._EndDialog                                    isrt.obl(CustomDialog.obs)
174  ISRT._ExistsDir                                    isrt.obl(Files.obs)
175  ISRT._ExistsDisk                                   isrt.obl(Files.obs)
176  ISRT._ExistsFile                                   isrt.obl(Files.obs)
177  ISRT._ExitInstall                                  Setup.obs
178  ISRT._GetCurrentDialogName                         isrt.obl(Dialogs.obs)
179  ISRT._GetDiskSpaceEx                               isrt.obl(GSI.obs)
180  ISRT._GetGlobalFlags                               ifx.obl(EventsPriv.obs)
181  ISRT._GetGlobalMemorySize                          isrt.obl(GSI.obs)
182  ISRT._GetProcessorInfo                             isrt.obl(OsInfo.obs)
183  ISRT._GetStandardLangId                            isrt.obl(Misc.obs)
184  ISRT._GetSupportDir                                isrt.obl(SysVars.obs)
185  ISRT._GetTrueTypeFontFileInfo                      isrt.obl(Misc.obs)
186  ISRT._GetVirtualMachineType                        isrt.obl(GSI.obs)
187  ISRT._InetEndofTransfer                            isrt.obl(iftw.obs)
188  ISRT._InetGetNextDisk                              isrt.obl(iftw.obs)
189  ISRT._InitInstall                                  Setup.obs
190  ISRT._IsFontTypefaceNameAvailable                  isrt.obl(Is.obs)
191  ISRT._IsInAdminGroup                               isrt.obl(Is.obs)
192  ISRT._IsLangSupported                              isrt.obl(Is.obs)
193  ISRT._IsSkinLoaded                                 isrt.obl(Is.obs)
194  ISRT._IsVirtualMachine                             isrt.obl(OsInfo.obs)
195  ISRT._IsWindowsME                                  isrt.obl(GSI.obs)
196  ISRT._IsWow64                                      isrt.obl(OsInfo.obs)
197  ISRT._ListAddItem                                  isrt.obl(scrlist.obs)
198  ISRT._ListAddString                                isrt.obl(scrlist.obs)
199  ISRT._ListCount                                    isrt.obl(scrlist.obs)
200  ISRT._ListCreate                                   isrt.obl(scrlist.obs)
201  ISRT._ListCurrentString                            isrt.obl(scrlist.obs)
202  ISRT._ListDeleteItem                               isrt.obl(scrlist.obs)
203  ISRT._ListDeleteString                             isrt.obl(scrlist.obs)
204  ISRT._ListDestroy                                  isrt.obl(scrlist.obs)
205  ISRT._ListFindString                               isrt.obl(scrlist.obs)
206  ISRT._ListGetFirstItem                             isrt.obl(scrlist.obs)
207  ISRT._ListGetFirstString                           isrt.obl(scrlist.obs)
208  ISRT._ListGetNextItem                              isrt.obl(scrlist.obs)
209  ISRT._ListGetNextString                            isrt.obl(scrlist.obs)
210  ISRT._ListGetType                                  isrt.obl(scrlist.obs)
211  ISRT._ListSetIndex                                 isrt.obl(scrlist.obs)
212  ISRT._MediaGetFilteringInfo                        isrt.obl(Feature.obs)
213  ISRT._MediaGetInfo                                 isrt.obl(Feature.obs)
214  ISRT._OnUninstPriv                                 Setup.obs
215  ISRT._OpenFile                                     isrt.obl(Files.obs)
216  ISRT._Preprogram                                   Setup.obs
217  ISRT._Rebooted                                     Setup.obs
218  ISRT._RegCreateKey                                 isrt.obl(Registry.obs)
219  ISRT._RegDeleteValue                               isrt.obl(Registry.obs)
220  ISRT._RegEnableTextSubs                            isrt.obl(Enable.obs)
221  ISRT._RegGetOptions                                isrt.obl(SysVars.obs)
222  ISRT._RegIsRemoteRegConnected                      isrt.obl(Is.obs)
223  ISRT._RegQueryKeyBinaryValue                       isrt.obl(Registry.obs)
224  ISRT._RegQueryKeyValue                             isrt.obl(Registry.obs)
225  ISRT._RegSetKeyBinaryValue                         isrt.obl(Registry.obs)
226  ISRT._RegSetKeyValue                               isrt.obl(Registry.obs)
227  ISRT._RegSetOptions                                isrt.obl(SysVars.obs)
228  ISRT._ReleaseDialog                                isrt.obl(CustomDialog.obs)
229  ISRT._SdShowMsg                                    isrt.obl(ISRTScriptDialogsPriv.obs)
230  ISRT._SetAltMainImage                              isrt.obl(Dialogs.obs)
231  ISRT._SetDisplayEffect                             isrt.obl(ui.obs)
232  ISRT._SetGlobalFlags                               ifx.obl(EventsPriv.obs)
233  ISRT._SetPaletteFile                               isrt.obl(MIO.obs)
234  ISRT._SetSilentSdShowMsg                           isrt.obl(Enable.obs)
235  ISRT._SetTitle                                     isrt.obl(ui.obs)
236  ISRT._SetupInet                                    isrt.obl(MIO.obs)
237  ISRT._SetupTraceWrite                              isrt.obl(Misc.obs)
238  ISRT._ShowObjWizardPages                           isrt.obl(Objects.obs)
239  ISRT._ShowWizardPages                              Setup.obs
240  ISRT._StatusUpdate                                 isrt.obl(ui.obs)
241  ISRT._WaitOnDialog                                 isrt.obl(CustomDialog.obs)
242  ISRT._WriteLine                                    isrt.obl(Files.obs)
243  ISRT.__CreateObjectContext                         isrt.obl(ISRTInit.obs)
244  ISRT.__GetCmdLineOptions                           isrt.obl(ISRTInit.obs)
245  ISRT.__GetContextGUID                              isrt.obl(ISRTInit.obs)
246  ISRT.__GetEnabledIServices                         isrt.obl(SysVars.obs)
247  ISRT.__GetFileRegistrar                            isrt.obl(ISRTInit.obs)
248  ISRT.__GetInfo                                     isrt.obl(ISRTInit.obs)
249  ISRT.__GetInstallGuid                              isrt.obl(SysVars.obs)
250  ISRT.__GetLog                                      isrt.obl(SysVars.obs)
251  ISRT.__GetLogDB                                    isrt.obl(ISRTInit.obs)
252  ISRT.__GetLogEx                                    isrt.obl(SysVars.obs)
253  ISRT.__GetMainWindow                               Setup.obs
254  ISRT.__GetMaintOption                              isrt.obl(SysVars.obs)
255  ISRT.__GetMaintenanceMode                          isrt.obl(SysVars.obs)
256  ISRT.__GetObjects                                  isrt.obl(ISRTInit.obs)
257  ISRT.__GetProductGuid                              isrt.obl(SysVars.obs)
258  ISRT.__GetProgress                                 Setup.obs
259  ISRT.__GetReboot                                   isrt.obl(ISRTInit.obs)
260  ISRT.__GetReinstallMode                            isrt.obl(SysVars.obs)
261  ISRT.__GetRemoveAllMode                            isrt.obl(SysVars.obs)
262  ISRT.__GetTextSub                                  isrt.obl(ISRTInit.obs)
263  ISRT.__GetUpdateMode                               isrt.obl(SysVars.obs)
264  ISRT.__GetUser                                     isrt.obl(MIO.obs)
265  ISRT.__ISRTGetPropertyBag                          ifx.obl(PersistPropertyBag.obs)
266  ISRT.__ISRTReleasePropertyBag                      ifx.obl(PersistPropertyBag.obs)
267  ISRT.__LoadString                                  isrt.obl(LoadStr.obs)
268  ISRT.__PutEnabledIServices                         isrt.obl(Enable.obs)
269  ISRT.__ReleaseObjectContext                        isrt.obl(ISRTInit.obs)
270  ISRT.__RestoreMainLog                              isrt.obl(ISRTInit.obs)
271  ISRT.__RestoreMainLogEx                            isrt.obl(ISRTInit.obs)
272  ISRT.__SetComponentLog                             isrt.obl(ISRTInit.obs)
273  ISRT.__SetUpdateMode                               isrt.obl(SysVars.obs)
274  ISRTHandleScriptException                          isrt.obl(Misc.obs)
275  ISRTOnUninstPriv                                   isrt.obl(Driver.obs)
276  ISRTPreprogram                                     isrt.obl(Driver.obs)
277  IfxFilterComponents                                ifx.obl(EventsSetupPriv.obs)
278  IfxFinalConstruct                                  ifx.obl(EventsSetupPriv.obs)
279  IfxFinalRelease                                    ifx.obl(EventsSetupPriv.obs)
280  IfxInitProperties                                  ifx.obl(PersistPropertyBag.obs)
281  IfxOnAbortInstall                                  ifx.obl(EventsPriv.obs)
282  IfxOnAppSearch                                     ifx.obl(EventsPriv.obs)
283  IfxOnCCPSearch                                     ifx.obl(EventsPriv.obs)
284  IfxOnCanceling                                     ifx.obl(EventsPriv.obs)
285  IfxOnDisk1Installed                                ifx.obl(EventsSetupPriv.obs)
286  IfxOnDisk1Installing                               ifx.obl(EventsSetupPriv.obs)
287  IfxOnExitInstall                                   ifx.obl(EventsSetupPriv.obs)
288  IfxOnFileError                                     ifx.obl(EventsSetupPriv.obs)
289  IfxOnFileLocked                                    ifx.obl(EventsSetupPriv.obs)
290  IfxOnFileReadOnly                                  ifx.obl(EventsSetupPriv.obs)
291  IfxOnGeneralScriptOp                               ifx.obl(EventsPriv.obs)
292  IfxOnHelp                                          ifx.obl(EventsPriv.obs)
293  IfxOnInitInstall                                   ifx.obl(EventsSetupPriv.obs)
294  IfxOnInternetError                                 ifx.obl(EventsSetupPriv.obs)
295  IfxOnMD5Error                                      ifx.obl(EventsSetupPriv.obs)
296  IfxOnNextDisk                                      ifx.obl(EventsSetupPriv.obs)
297  IfxOnRebooted                                      ifx.obl(EventsPriv.obs)
298  IfxOnRemovingSharedFile                            ifx.obl(EventsSetupPriv.obs)
299  IfxOnShowWizardPages                               ifx.obl(EventsSetupPriv.obs)
300  IfxOnTransferred                                   ifx.obl(EventsPriv.obs)
301  IfxOnTransferring                                  ifx.obl(EventsSetupPriv.obs)
302  IfxOnUnhandledException                            ifx.obl(EventsPriv.obs)
303  IfxOnUninst                                        ifx.obl(EventsSetupPriv.obs)
304  IfxOnUninstPriv                                    ifx.obl(EventsSetupPriv.obs)
305  IfxPostprogram                                     ifx.obl(EventsSetupPriv.obs)
306  IfxPreprogram                                      ifx.obl(EventsSetupPriv.obs)
307  IfxReadProperties                                  ifx.obl(PersistPropertyBag.obs)
308  IfxRunAfterReboot                                  ifx.obl(EventsSetupPriv.obs)
309  IfxWriteProperties                                 ifx.obl(PersistPropertyBag.obs)
310  InetEndofTransfer                                  isrt.obl(iftw.obs)
311  InetNextDisk                                       isrt.obl(iftw.obs)
312  InitInstall                                        isrt.obl(Driver.obs)
313  InitProperties                                     ifx.obl(PersistPropertyBag.obs)
314  Is                                                 isrt.obl(Is.obs)
315  IsInetInstall                                      isrt.obl(iftw.obs)
316  KERNEL.GetModuleHandle                             Setup.obs
317  KERNEL32.CloseHandle                               Setup.obs
318  KERNEL32.CreateFileW                               Setup.obs
319  KERNEL32.DeleteFileW                               Setup.obs
320  KERNEL32.FindClose                                 Setup.obs
321  KERNEL32.FindFirstFileW                            Setup.obs
322  KERNEL32.FindNextFileW                             Setup.obs
323  KERNEL32.FormatMessageW                            Setup.obs
324  KERNEL32.FreeLibrary                               Setup.obs
325  KERNEL32.GetCurrentDirectoryW                      Setup.obs
326  KERNEL32.GetDriveType                              Setup.obs
327  KERNEL32.GetFileAttributesW                        Setup.obs
328  KERNEL32.GetLocalTime                              Setup.obs
329  KERNEL32.GetLocaleInfo                             Setup.obs
330  KERNEL32.GetPrivateProfileString                   Setup.obs
331  KERNEL32.GetPrivateProfileStringW                  Setup.obs
332  KERNEL32.GetProcAddress                            Setup.obs
333  KERNEL32.GetProfileStringW                         Setup.obs
334  KERNEL32.GetSystemDefaultLCID                      Setup.obs
335  KERNEL32.GetSystemDefaultLangID                    Setup.obs
336  KERNEL32.GetSystemDefaultUILanguage                Setup.obs
337  KERNEL32.GetTickCount                              Setup.obs
338  KERNEL32.GetUserDefaultLangID                      Setup.obs
339  KERNEL32.GetVersion                                Setup.obs
340  KERNEL32.GetVersionEx                              Setup.obs
341  KERNEL32.GetVolumeInformation                      Setup.obs
342  KERNEL32.GetWindowsDirectory                       Setup.obs
343  KERNEL32.LoadLibraryW                              Setup.obs
344  KERNEL32.SetCurrentDirectoryW                      Setup.obs
345  KERNEL32.SetFileAttributesW                        Setup.obs
346  KERNEL32.Sleep                                     Setup.obs
347  KERNEL32.WritePrivateProfileString                 Setup.obs
348  KERNEL32.WritePrivateProfileStringW                Setup.obs
349  KERNEL32.WriteProfileStringW                       Setup.obs
350  KERNEL32.lstrlenW                                  Setup.obs
351  LOWORD                                             isrt.obl(Misc.obs)
352  LaunchAppAndWaitInitStartupInfo                    isrt.obl(Extend.obs)
353  LaunchApplicationInit                              isrt.obl(Extend.obs)
354  ListAddItem                                        isrt.obl(scrlist.obs)
355  ListAddString                                      isrt.obl(scrlist.obs)
356  ListCount                                          isrt.obl(scrlist.obs)
357  ListCreate                                         isrt.obl(scrlist.obs)
358  ListCurrentString                                  isrt.obl(scrlist.obs)
359  ListDeleteItem                                     isrt.obl(scrlist.obs)
360  ListDeleteString                                   isrt.obl(scrlist.obs)
361  ListDestroy                                        isrt.obl(scrlist.obs)
362  ListFindString                                     isrt.obl(scrlist.obs)
363  ListGetFirstItem                                   isrt.obl(scrlist.obs)
364  ListGetFirstString                                 isrt.obl(scrlist.obs)
365  ListGetNextItem                                    isrt.obl(scrlist.obs)
366  ListGetNextString                                  isrt.obl(scrlist.obs)
367  ListGetType                                        isrt.obl(scrlist.obs)
368  ListSetIndex                                       isrt.obl(scrlist.obs)
369  ListValid                                          isrt.obl(scrlist.obs)
370  ListValidType                                      isrt.obl(scrlist.obs)
371  LoadStringFromStringTable                          isrt.obl(Str.obs)
372  LogReadCustomString                                isrt.obl(Misc.obs)
373  LogReadCustomVariant                               isrt.obl(Misc.obs)
374  LogWriteCustomString                               isrt.obl(Misc.obs)
375  LogWriteCustomVariant                              isrt.obl(Misc.obs)
376  LongPathToQuote                                    isrt.obl(Str.obs)
377  MAKELONG                                           isrt.obl(Misc.obs)
378  MIFCreateMIFFile                                   isrt.obl(MIF.obs)
379  MIFDeleteMIFFile                                   isrt.obl(MIF.obs)
380  MIFInitialize                                      isrt.obl(MIF.obs)
381  MIFSetInformation                                  isrt.obl(MIF.obs)
382  MIFUnInitialize                                    isrt.obl(MIF.obs)
383  MIFWasSetInformationCalled                         isrt.obl(MIF.obs)
384  MIOShutdown                                        isrt.obl(MIO.obs)
385  MIOStartup                                         isrt.obl(MIO.obs)
386  MaintenanceStart                                   isrt.obl(Registry.obs)
387  MediaGetData                                       isrt.obl(Feature.obs)
388  MediaGetDataEx                                     isrt.obl(Feature.obs)
389  MessageBeep                                        isrt.obl(Misc.obs)
390  MessageBox                                         isrt.obl(ISRTScriptDialogsPriv.obs)
391  MessageBoxEx                                       isrt.obl(ISRTScriptDialogsPriv.obs)
392  OnAbort                                            ifx.obl(EventsSetup.obs)
393  OnAppSearch                                        ifx.obl(EventsSetup.obs)
394  OnBegin                                            ifx.obl(EventsSetup.obs)
395  OnCCPSearch                                        ifx.obl(EventsSetup.obs)
396  OnCanceling                                        ifx.obl(EventsSetup.obs)
397  OnCheckMediaPassword                               ifx.obl(EventsSetup.obs)
398  OnComponentError                                   ifx.obl(EventsSetup.obs)
399  OnCustomizeUninstInfo                              ifx.obl(EventsSetup.obs)
400  OnDIFxLogCallback                                  ifx.obl(EventsSetup.obs)
401  OnDIFxLogCallbackImpl                              isrt.obl(ISDIFx.obs)
402  OnEnd                                              ifx.obl(EventsSetup.obs)
403  OnFileError                                        ifx.obl(EventsSetup.obs)
404  OnFileLocked                                       ifx.obl(EventsSetup.obs)
405  OnFileReadOnly                                     ifx.obl(EventsSetup.obs)
406  OnFilterComponents                                 ifx.obl(EventsSetup.obs)
407  OnFirstUIAfter                                     Setup.obs
408  OnFirstUIBefore                                    Setup.obs
409  OnHelp                                             ifx.obl(EventsSetup.obs)
410  OnIISAppPoolUninstalling                           ifx.obl(EventsPriv.obs)
411  OnIISCheckRequirements                             ifx.obl(EventsPriv.obs)
412  OnIISComponentInstalled                            ifx.obl(EventsPriv.obs)
413  OnIISInitialize                                    ifx.obl(EventsPriv.obs)
414  OnIISUninitialize                                  ifx.obl(EventsPriv.obs)
415  OnIISVRootUninstalling                             ifx.obl(EventsPriv.obs)
416  OnIISWebServiceExtensionUninstalling               ifx.obl(EventsPriv.obs)
417  OnIISWebSiteUninstalling                           ifx.obl(EventsPriv.obs)
418  OnInstallDRMService                                isrt.obl(Activation.obs)
419  OnInstalledFile                                    ifx.obl(EventsSetup.obs)
420  OnInstalledFontFile                                ifx.obl(EventsSetup.obs)
421  OnInstallingFile                                   ifx.obl(EventsSetup.obs)
422  OnInternetError                                    ifx.obl(EventsSetup.obs)
423  OnLaunchAppAndWaitCallback                         ifx.obl(EventsSetup.obs)
424  OnMD5Error                                         ifx.obl(EventsSetup.obs)
425  OnMaintUIAfter                                     Setup.obs
426  OnMaintUIBefore                                    Setup.obs
427  OnMoveData                                         ifx.obl(EventsSetup.obs)
428  OnMoved                                            ifx.obl(EventsSetup.obs)
429  OnMoving                                           ifx.obl(EventsSetup.obs)
430  OnNetApiCreateUserAccount                          ifx.obl(EventsSetup.obs)
431  OnNetApiCreateUserAccountInternal                  isrt.obl(NetApiRT.obs)
432  OnNextDisk                                         ifx.obl(EventsSetup.obs)
433  OnRebooted                                         ifx.obl(EventsSetup.obs)
434  OnRemovingSharedFile                               ifx.obl(EventsSetup.obs)
435  OnSQLBatchScripts                                  ifx.obl(EventsPriv.obs)
436  OnSQLComponentInstalled                            ifx.obl(EventsPriv.obs)
437  OnSQLComponentUninstalled                          ifx.obl(EventsPriv.obs)
438  OnSQLServerInitialize                              ifx.obl(EventsPriv.obs)
439  OnSQLServerInitializeMaint                         ifx.obl(EventsPriv.obs)
440  OnSelfRegistrationError                            ifx.obl(EventsSetup.obs)
441  OnSetTARGETDIR                                     ifx.obl(EventsSetup.obs)
442  OnSetUpdateMode                                    ifx.obl(EventsSetup.obs)
443  OnShowUI                                           ifx.obl(EventsSetup.obs)
444  OnUnInstallDRMService                              isrt.obl(Activation.obs)
445  OnUnhandledException                               ifx.obl(EventsPriv.obs)
446  OnUninstall                                        ifx.obl(EventsSetup.obs)
447  OnUninstalledFile                                  ifx.obl(EventsSetup.obs)
448  OnUninstallingDIFxDriverFile                       ifx.obl(EventsSetup.obs)
449  OnUninstallingFile                                 ifx.obl(EventsSetup.obs)
450  OnUninstallingFontFile                             ifx.obl(EventsSetup.obs)
451  OnUpdateUIAfter                                    ifx.obl(EventsSetup.obs)
452  OnUpdateUIBefore                                   ifx.obl(EventsSetup.obs)
453  OnXMLComponentInstalled                            ifx.obl(EventsPriv.obs)
454  OnXMLComponentUninstalling                         ifx.obl(EventsPriv.obs)
455  OnXMLInitialize                                    ifx.obl(EventsPriv.obs)
456  OnXMLUninitialize                                  ifx.obl(EventsPriv.obs)
457  OpenFileMode                                       isrt.obl(Files.obs)
458  ParsePath                                          isrt.obl(Str.obs)
459  Postprogram                                        ifx.obl(EventsSetupPriv.obs)
460  Preprogram                                         ifx.obl(EventsSetupPriv.obs)
461  PthFixPath                                         isrt.obl(Pth.obs)
462  PthIsAbsPath                                       isrt.obl(Pth.obs)
463  ReadProperties                                     ifx.obl(PersistPropertyBag.obs)
464  Rebooted                                           isrt.obl(Driver.obs)
465  RegDBDeleteItem                                    isrt.obl(Registry.obs)
466  RegDBDeleteValue                                   isrt.obl(Registry.obs)
467  RegDBDeleteValueEx                                 isrt.obl(Registry.obs)
468  RegDBDeleteValueEx32                               isrt.obl(Registry.obs)
469  RegDBGetItem                                       isrt.obl(Registry.obs)
470  RegDBGetKeyValueEx                                 isrt.obl(Registry.obs)
471  RegDBQueryValue                                    isrt.obl(Registry.obs)
472  RegDBQueryValue32                                  isrt.obl(Registry.obs)
473  RegDBSetDefaultRoot                                isrt.obl(SysVars.obs)
474  RegDBSetItem                                       isrt.obl(Registry.obs)
475  RegDBSetKeyValueEx                                 isrt.obl(Registry.obs)
476  RegDBSetValue                                      isrt.obl(Registry.obs)
477  RegDBSetValue32                                    isrt.obl(Registry.obs)
478  RegDBSetVersion                                    isrt.obl(Registry.obs)
479  RegisterFontResource                               isrt.obl(Misc.obs)
480  ReleaseDialog                                      isrt.obl(CustomDialog.obs)
481  SdCloseDlg                                         isrt.obl(SDINT.obs)
482  SdDlgToTop                                         isrt.obl(SDINT.obs)
483  SdDoStdButton                                      isrt.obl(SDINT.obs)
484  SdEnablement                                       isrt.obl(SDINT.obs)
485  SdError                                            isrt.obl(SDINT.obs)
486  SdExceptionsInit                                   isrt.obl(ISRTScriptDialogsPriv.obs)
487  SdFinish                                           isrt.obl(ISRTScriptDialogs.obs)
488  SdFinishEx                                         isrt.obl(ISRTScriptDialogs.obs)
489  SdFinishReboot                                     isrt.obl(ISRTScriptDialogs.obs)
490  SdGeneralInit                                      isrt.obl(SDINT.obs)
491  SdInit                                             isrt.obl(SDINT.obs)
492  SdIsStdButton                                      isrt.obl(SDINT.obs)
493  SdLoadString                                       isrt.obl(SDINT.obs)
494  SdMakeName                                         isrt.obl(SDINT.obs)
495  SdPlugInProductName                                isrt.obl(SDINT.obs)
496  SdSetDlgTitle                                      isrt.obl(SDINT.obs)
497  SdSetStatic                                        isrt.obl(SDINT.obs)
498  SdShowMsg                                          isrt.obl(ISRTScriptDialogsPriv.obs)
499  SdSubstituteProductInfo                            isrt.obl(SDINT.obs)
500  SdUnInit                                           isrt.obl(SDINT.obs)
501  SdWelcome                                          isrt.obl(ISRTScriptDialogs.obs)
502  SelectDir                                          isrt.obl(ISRTScriptDialogsPriv.obs)
503  SelectDirNoLog                                     isrt.obl(ISRTScriptDialogsPriv.obs)
504  SendMessage                                        isrt.obl(Misc.obs)
505  ServiceInitParams                                  isrt.obl(Service.obs)
506  SetCmdLine                                         isrt.obl(SysVars.obs)
507  SetDialogTitle                                     isrt.obl(Dialogs.obs)
508  SetDisplayEffect                                   isrt.obl(ui.obs)
509  SetExtendedErrInfo                                 isrt.obl(IsUtil.obs)
510  SetStatus                                          ifx.obl(EventsSetupPriv.obs)
511  SetStatusEx                                        ifx.obl(EventsSetupPriv.obs)
512  SetStatusExStaticText                              isrt.obl(ui.obs)
513  SetStatusWindow                                    isrt.obl(ui.obs)
514  SetTitle                                           isrt.obl(ui.obs)
515  SetupTraceWrite                                    isrt.obl(Misc.obs)
516  ShowObjWizardPages                                 isrt.obl(Objects.obs)
517  ShowWizardPages                                    isrt.obl(Driver.obs)
518  SilentCreateFile                                   isrt.obl(Silent.obs)
519  SilentDoGeneralInfo                                isrt.obl(Silent.obs)
520  SilentFailed                                       isrt.obl(Silent.obs)
521  SilentFinish                                       isrt.obl(Silent.obs)
522  SilentInit                                         isrt.obl(Silent.obs)
523  SilentLogWriteData                                 isrt.obl(Silent.obs)
524  SilentReadData                                     isrt.obl(Silent.obs)
525  SilentSetInfo                                      isrt.obl(Silent.obs)
526  SilentSetMode                                      isrt.obl(Silent.obs)
527  SilentWriteData                                    isrt.obl(Silent.obs)
528  Sprintf                                            isrt.obl(Str.obs)
529  SprintfBox                                         isrt.obl(ISRTScriptDialogsPriv.obs)
530  StatusUpdate                                       isrt.obl(ui.obs)
531  StrAddLastSlash                                    isrt.obl(Str.obs)
532  StrFindEx                                          isrt.obl(Str.obs)
533  StrGetTokens                                       isrt.obl(Str.obs)
534  StrLength                                          isrt.obl(Str.obs)
535  StrRemoveLastSlash                                 isrt.obl(Str.obs)
536  StrReplace                                         isrt.obl(Str.obs)
537  StrToNumHex                                        isrt.obl(Str.obs)
538  StrToUpper                                         isrt.obl(Str.obs)
539  StrTrim                                            isrt.obl(Str.obs)
540  SysVarsInit                                        isrt.obl(SysVars.obs)
541  SysVarsTrace                                       isrt.obl(SysVars.obs)
542  SysVarsUnInit                                      isrt.obl(SysVars.obs)
543  System                                             isrt.obl(Misc.obs)
544  SystemRestoreCancelRestorePointIS                  isrt.obl(PCRestore.obs)
545  SystemRestoreCloseRestorePointIS                   isrt.obl(PCRestore.obs)
546  SystemRestoreDisableIS                             isrt.obl(PCRestore.obs)
547  SystemRestoreIsEnabledIS                           isrt.obl(PCRestore.obs)
548  SystemRestoreOpenRestorePointIS                    isrt.obl(PCRestore.obs)
549  TextSubGetValue                                    isrt.obl(TextSub.obs)
550  TextSubParseTextSub                                isrt.obl(TextSub.obs)
551  TextSubSetValue                                    isrt.obl(TextSub.obs)
552  TextSubSubstitute                                  isrt.obl(TextSub.obs)
553  USER.EnableWindow                                  Setup.obs
554  USER.GetClassName                                  Setup.obs
555  USER.GetDC                                         Setup.obs
556  USER.GetDlgItem                                    Setup.obs
557  USER.GetFocus                                      Setup.obs
558  USER.GetWindowLong                                 Setup.obs
559  USER.GetWindowRect                                 Setup.obs
560  USER.IsIconic                                      Setup.obs
561  USER.IsWindow                                      Setup.obs
562  USER.PostMessage                                   Setup.obs
563  USER.ReleaseDC                                     Setup.obs
564  USER.SendMessageW                                  Setup.obs
565  USER.SetFocus                                      Setup.obs
566  USER.SetWindowPos                                  Setup.obs
567  USER.SetWindowText                                 Setup.obs
568  USER.ShowWindow                                    Setup.obs
569  USER32.CharUpperBuffW                              Setup.obs
570  USER32.DispatchMessage                             Setup.obs
571  USER32.GetDesktopWindow                            Setup.obs
572  USER32.GetSystemMetrics                            Setup.obs
573  USER32.GetWindowText                               Setup.obs
574  USER32.GetWindowTextLength                         Setup.obs
575  USER32.IsWindowVisible                             Setup.obs
576  USER32.MessageBoxW                                 Setup.obs
577  USER32.PeekMessageW                                Setup.obs
578  USER32.SendMessageW                                Setup.obs
579  USER32.SetForegroundWindow                         Setup.obs
580  USER32.SetWindowLong                               Setup.obs
581  USER32.SetWindowRgn                                Setup.obs
582  USER32.TranslateMessage                            Setup.obs
583  UpdateServiceEnableUpdateService                   isrt.obl(ISUpdateService.obs)
584  VarInit                                            isrt.obl(SysVars.obs)
585  VarRestore                                         isrt.obl(SysVars.obs)
586  VarRestoreISRT                                     isrt.obl(SysVars.obs)
587  VarSave                                            isrt.obl(SysVars.obs)
588  VarSaveISRT                                        isrt.obl(SysVars.obs)
589  VerCompare                                         isrt.obl(version.obs)
590  VerProductCompareVersions                          isrt.obl(version.obs)
591  VerProductGetInstalledVersion                      isrt.obl(version.obs)
592  VerProductIsVersionSupported                       isrt.obl(version.obs)
593  VerProductNumToStr                                 isrt.obl(version.obs)
594  VerProductStrToNum                                 isrt.obl(version.obs)
595  VerProductVerFromVerParts                          isrt.obl(version.obs)
596  VerProductVerPartsFromVer                          isrt.obl(version.obs)
597  WaitOnDialog                                       isrt.obl(CustomDialog.obs)
598  WizardDirection                                    ifx.obl(EventsSetupPriv.obs)
599  WriteLine                                          isrt.obl(Files.obs)
600  WriteProfInt                                       isrt.obl(Profile.obs)
601  WriteProfString                                    isrt.obl(Profile.obs)
602  WriteProperties                                    ifx.obl(PersistPropertyBag.obs)
603  __ISRTDoExit                                       isrt.obl(Misc.obs)
604  __ISRTInit                                         isrt.obl(ISRTInit.obs)
605  __ISRTRestoreMainLog                               isrt.obl(ISRTInit.obs)
606  __ISRTRestoreMainLogEx                             isrt.obl(ISRTInit.obs)
607  __ISRTSetComponentLog                              isrt.obl(ISRTInit.obs)
608  __ISRTUnInit                                       isrt.obl(ISRTInit.obs)
609  __LoadIScriptString                                isrt.obl(LoadStr.obs)
610  program                                            ifx.obl(EventsSetupPriv.obs)
611  sfc.SRSetRestorePointW                             Setup.obs


***** External Variables *****
1    ADDREMOVE                                          isrt.obl(DebugSymbols.obs)
2    ADDREMOVE_COMBINEDBUTTON                           Setup.obs
3    ADDREMOVE_HIDECHANGEOPTION                         Setup.obs
4    ADDREMOVE_HIDEREMOVEOPTION                         Setup.obs
5    ADDREMOVE_HIDEREPAIROPTION                         Setup.obs
6    ADDREMOVE_STRING_REMOVEONLY                        Setup.obs
7    ADDREMOVE_SYSTEMCOMPONENT                          Setup.obs
8    ADMINUSER                                          Setup.obs
9    ALLUSERS                                           Setup.obs
10   BASICMSI                                           isrt.obl(DebugSymbols.obs)
11   BATCH_INSTALL                                      Setup.obs
12   CMDLINE                                            isrt.obl(DebugSymbols.obs)
13   COMMONFILES                                        isrt.obl(DebugSymbols.obs)
14   COMMONFILES64                                      isrt.obl(DebugSymbols.obs)
15   DISABLE_ALLUSERBTN                                 Setup.obs
16   DISABLE_PERUSERBTN                                 Setup.obs
17   DISK1SETUPEXENAME                                  isrt.obl(DebugSymbols.obs)
18   DISK1TARGET                                        Setup.obs
19   ENABLED_ISERVICES                                  isrt.obl(DebugSymbols.obs)
20   ENGINECOMMONDIR                                    isrt.obl(DebugSymbols.obs)
21   ENGINEDIR                                          isrt.obl(DebugSymbols.obs)
22   ERRORFILENAME                                      Setup.obs
23   Err                                                Setup.obs
24   FILETIME                                           Setup.obs
25   FIND_DATAW                                         Setup.obs
26   FOLDER_APPDATA                                     isrt.obl(DebugSymbols.obs)
27   FOLDER_COMMON_APPDATA                              isrt.obl(DebugSymbols.obs)
28   FOLDER_DESKTOP                                     isrt.obl(DebugSymbols.obs)
29   FOLDER_DOTNET_10                                   isrt.obl(DebugSymbols.obs)
30   FOLDER_DOTNET_11                                   isrt.obl(DebugSymbols.obs)
31   FOLDER_DOTNET_20                                   isrt.obl(DebugSymbols.obs)
32   FOLDER_DOTNET_30                                   isrt.obl(DebugSymbols.obs)
33   FOLDER_DOTNET_35                                   isrt.obl(DebugSymbols.obs)
34   FOLDER_DOTNET_40                                   isrt.obl(DebugSymbols.obs)
35   FOLDER_FONTS                                       isrt.obl(DebugSymbols.obs)
36   FOLDER_LOCAL_APPDATA                               isrt.obl(DebugSymbols.obs)
37   FOLDER_PERSONAL                                    isrt.obl(DebugSymbols.obs)
38   FOLDER_PROGRAMS                                    isrt.obl(DebugSymbols.obs)
39   FOLDER_STARTMENU                                   isrt.obl(DebugSymbols.obs)
40   FOLDER_STARTUP                                     isrt.obl(DebugSymbols.obs)
41   FOLDER_TEMP                                        isrt.obl(DebugSymbols.obs)
42   FileRegistrar                                      Setup.obs
43   HIDE_DISABLED_BTNS                                 Setup.obs
44   HKEYCURRENTROOTKEY                                 Setup.obs
45   IFX_COMPANY_NAME                                   Setup.obs
46   IFX_DISK1INSTALLED                                 Setup.obs
47   IFX_INITIALIZED                                    Setup.obs
48   IFX_INSTALLED_DISPLAY_VERSION                      Setup.obs
49   IFX_INSTALLED_VERSION                              Setup.obs
50   IFX_KEYPATH_PRODUCT_INFO                           Setup.obs
51   IFX_MULTI_INSTANCE_SUFFIX                          Setup.obs
52   IFX_OPEN_RESTORE_POINT                             isrt.obl(PCRestore.obs)
53   IFX_PRODUCT_COMMENTS                               Setup.obs
54   IFX_PRODUCT_DISPLAY_NAME                           Setup.obs
55   IFX_PRODUCT_DISPLAY_VERSION                        Setup.obs
56   IFX_PRODUCT_ICON                                   Setup.obs
57   IFX_PRODUCT_KEY                                    Setup.obs
58   IFX_PRODUCT_NAME                                   Setup.obs
59   IFX_PRODUCT_README                                 Setup.obs
60   IFX_PRODUCT_REGISTEREDCOMPANY                      Setup.obs
61   IFX_PRODUCT_REGISTEREDOWNER                        Setup.obs
62   IFX_PRODUCT_REGISTEREDSERIALNUM                    Setup.obs
63   IFX_PRODUCT_SUPPORT_CONTACT                        Setup.obs
64   IFX_PRODUCT_SUPPORT_PHONE                          Setup.obs
65   IFX_PRODUCT_SUPPORT_URL                            Setup.obs
66   IFX_PRODUCT_UPDATE_URL                             Setup.obs
67   IFX_PRODUCT_URL                                    Setup.obs
68   IFX_PRODUCT_VERSION                                Setup.obs
69   IFX_RESTORE_DISABLED                               isrt.obl(PCRestore.obs)
70   IFX_SETUP_TITLE                                    Setup.obs
71   IFX_SUPPORTED_VERSIONS                             Setup.obs
72   IISROOTFOLDER                                      isrt.obl(DebugSymbols.obs)
73   INSTALLSCRIPTMSI                                   isrt.obl(DebugSymbols.obs)
74   INSTALLSCRIPTMSIEEUI                               isrt.obl(DebugSymbols.obs)
75   INSTANCE_GUID                                      isrt.obl(DebugSymbols.obs)
76   ISDIFXAPPID                                        Setup.obs
77   ISRES                                              isrt.obl(DebugSymbols.obs)
78   ISUSER                                             isrt.obl(DebugSymbols.obs)
79   ISUTIL_FUNCTION_ACTUAL_ERROR                       Setup.obs
80   ISUTIL_LINE_NUMBER                                 Setup.obs
81   ISUTIL_SCRIPT_FILE                                 Setup.obs
82   ISVERSION                                          isrt.obl(DebugSymbols.obs)
83   IS_NULLSTR_PTR                                     Setup.obs
84   InetSRCDIR                                         Setup.obs
85   LAAW_PARAMETERS                                    Setup.obs
86   LAAW_SHELLEXECUTEINFO                              Setup.obs
87   LAAW_SHELLEXECUTEVERB                              Setup.obs
88   LAAW_STARTUPINFO                                   Setup.obs
89   LAST_RESULT                                        Setup.obs
90   LogDB                                              Setup.obs
91   MAINTENANCE                                        isrt.obl(DebugSymbols.obs)
92   MAINT_OPTION                                       isrt.obl(DebugSymbols.obs)
93   MEDIA                                              Setup.obs
94   MEDIA_INFO                                         isrt.obl(Feature.obs)
95   MODE                                               Setup.obs
96   MSG                                                Setup.obs
97   MULTI_INSTANCE_COUNT                               isrt.obl(DebugSymbols.obs)
98   MainWindow                                         Setup.obs
99   NOTHING                                            Setup.obs
100  OSINFO_PLATFORM_INFO                               Setup.obs
101  OSINFO_PROCESSOR_INFO                              Setup.obs
102  OSVERSIONINFOEXW                                   Setup.obs
103  OSVERSIONINFOW                                     Setup.obs
104  Objects                                            Setup.obs
105  PACKAGE_LOCATION                                   isrt.obl(DebugSymbols.obs)
106  POINT                                              Setup.obs
107  PRIVILEGED                                         Setup.obs
108  PRODUCT_GUID                                       isrt.obl(DebugSymbols.obs)
109  PROGRAMFILES                                       isrt.obl(DebugSymbols.obs)
110  PROGRAMFILES64                                     isrt.obl(DebugSymbols.obs)
111  RECT                                               Setup.obs
112  REGDB_OPTIONS                                      Setup.obs
113  REINSTALLMODE                                      isrt.obl(DebugSymbols.obs)
114  REMOVEALLMODE                                      isrt.obl(DebugSymbols.obs)
115  REMOVEONLY                                         isrt.obl(DebugSymbols.obs)
116  RUN_ONCE_PROGRAM                                   isrt.obl(DebugSymbols.obs)
117  Reboot                                             Setup.obs
118  SELECTED_LANGUAGE                                  isrt.obl(DebugSymbols.obs)
119  SERVICE_IS_PARAMS                                  Setup.obs
120  SETUPTYPE_STR_COMPACT                              Setup.obs
121  SETUPTYPE_STR_COMPLETE                             Setup.obs
122  SETUPTYPE_STR_CUSTOM                               Setup.obs
123  SETUPTYPE_STR_TYPICAL                              Setup.obs
124  SHAREDSUPPORTDIR                                   isrt.obl(DebugSymbols.obs)
125  SHELLEXECUTEINFOW                                  Setup.obs
126  SHELL_OBJECT_FOLDER                                Setup.obs
127  SHOW_PASSWORD_DIALOG                               isrt.obl(DebugSymbols.obs)
128  SRCDIR                                             Setup.obs
129  SRCDISK                                            isrt.obl(DebugSymbols.obs)
130  STANDARD_SELECTED_LANGUAGE                         isrt.obl(DebugSymbols.obs)
131  STARTUPINFOW                                       Setup.obs
132  SUPPORTDIR                                         isrt.obl(DebugSymbols.obs)
133  SYSINFO                                            Setup.obs
134  SYSPROCESSORINFO                                   Setup.obs
135  SYSTEMTIME                                         Setup.obs
136  SetupInfo                                          Setup.obs
137  StatusDlg                                          Setup.obs
138  TARGETDIR                                          Setup.obs
139  TARGETDISK                                         isrt.obl(DebugSymbols.obs)
140  TextSub                                            Setup.obs
141  UNINST                                             Setup.obs
142  UNINSTALLKEY                                       Setup.obs
143  UNINSTALL_DISPLAYNAME                              Setup.obs
144  UNINSTALL_STRING                                   Setup.obs
145  UPDATEMODE                                         Setup.obs
146  WINDIR                                             isrt.obl(DebugSymbols.obs)
147  WINDISK                                            isrt.obl(DebugSymbols.obs)
148  WINSYSDIR                                          isrt.obl(DebugSymbols.obs)
149  WINSYSDIR64                                        isrt.obl(DebugSymbols.obs)
150  WINSYSDISK                                         isrt.obl(DebugSymbols.obs)
151  _FONTFILEINFO                                      Setup.obs
152  _INT64                                             Setup.obs
153  _ISDIFXINSTALLERINFO                               isrt.obl(ISDIFx.obs)
154  _LAAW_PARAMETERS                                   Setup.obs
155  _RESTOREPOINTINFO                                  Setup.obs
156  _SERVICE_IS_PARAMS                                 Setup.obs
157  _STATEMGRSTATUS                                    Setup.obs
158  _WIN9X                                             Setup.obs
159  _WINNT                                             Setup.obs
160  __hContext                                         Setup.obs
161  __objGlobalTextSub                                 Setup.obs
162  __szGUID                                           Setup.obs
163  bBackButton                                        Setup.obs
164  bCancelButton                                      Setup.obs
165  bEnterDiskBeep                                     Setup.obs
166  bFinishButton                                      Setup.obs
167  bIFXLFNoToAll                                      Setup.obs
168  bIFXLFOnRebootToAll                                Setup.obs
169  bIFXLFYesToAll                                     Setup.obs
170  bIFXMD5IgnoreToAll                                 Setup.obs
171  bIFXRONoToAll                                      Setup.obs
172  bIFXROYesToAll                                     Setup.obs
173  bIFXSFNoToAll                                      Setup.obs
174  bIFXSFYesToAll                                     Setup.obs
175  bInstall16                                         Setup.obs
176  bNextButton                                        Setup.obs
177  bSdInit                                            Setup.obs
178  bViewCmptKunits                                    Setup.obs
179  bViewCmptUseDecimal                                Setup.obs
180  g_bSuppressMissingStringWarning                    isrt.obl(Enable.obs)
181  nDlgEnterPassword                                  Setup.obs
182  nDlgMessageBox                                     Setup.obs
183  nDlgSelectDir                                      Setup.obs
184  nDlgSprintfBox                                     Setup.obs
185  nSdFinish                                          Setup.obs
186  nSdFinishReboot                                    Setup.obs
187  nSdWelcome                                         Setup.obs
188  szAppKey                                           Setup.obs
189  szSdProduct                                        Setup.obs
190  szSdStr_NotEnoughSpace                             Setup.obs
