***** External Functions *****
1    AddFontRegistrationToLog                           isrt.obl(Misc.obs)
2    AppSearch                                          isrt.obl(Driver.obs)
3    CCPSearch                                          isrt.obl(Driver.obs)
4    ChangeDirectory                                    isrt.obl(Files.obs)
5    CloseFile                                          isrt.obl(Files.obs)
6    CmdGetHwndDlg                                      isrt.obl(CustomDialog.obs)
7    ComponentAddFileToLog                              isrt.obl(component.obs)
8    ComponentIsItemSelected                            isrt.obl(component.obs)
9    ComponentListItems                                 isrt.obl(component.obs)
10   ComponentSelectItem                                isrt.obl(component.obs)
11   ComponentTreeInit                                  isrt.obl(Dialogs.obs)
12   CreateDir                                          isrt.obl(Files.obs)
13   CreateFile                                         isrt.obl(Files.obs)
14   CreateInstallationInfo                             isrt.obl(Registry.obs)
15   CreateRegistrySet                                  isrt.obl(Feature.obs)
16   CtrlGetDlgItem                                     isrt.obl(CustomDialog.obs)
17   CtrlGetState                                       isrt.obl(CustomDialog.obs)
18   CtrlGetText                                        isrt.obl(CustomDialog.obs)
19   CtrlSelectText                                     isrt.obl(CustomDialog.obs)
20   CtrlSetState                                       isrt.obl(CustomDialog.obs)
21   CtrlSetText                                        isrt.obl(CustomDialog.obs)
22   DIFxDriverPackageUninstall                         isrt.obl(ISDIFx.obs)
23   DRMINSTALLERPRO.DRMInstallPRO                      isrt.obl(Activation.obs)
24   DRMINSTALLERPRO.DRMUnInstallPRO                    isrt.obl(Activation.obs)
25   DefineDialog                                       isrt.obl(CustomDialog.obs)
26   Delay                                              isrt.obl(Misc.obs)
27   DeleteFile                                         isrt.obl(Files.obs)
28   DeleteSingleFile                                   isrt.obl(Files.obs)
29   DialogSetDefaultFont                               isrt.obl(Dialogs.obs)
30   DialogSetFont                                      isrt.obl(Dialogs.obs)
31   DialogSetInfo                                      isrt.obl(Dialogs.obs)
32   Disable                                            isrt.obl(Enable.obs)
33   DllSizeOf                                          isrt.obl(Str.obs)
34   Do                                                 isrt.obl(Misc.obs)
35   Enable                                             isrt.obl(Enable.obs)
36   EndCurrentDialog                                   isrt.obl(Dialogs.obs)
37   EndDialog                                          isrt.obl(CustomDialog.obs)
38   EnterDisk                                          isrt.obl(ISRTScriptDialogs.obs)
39   EnterDiskError                                     isrt.obl(ISRTScriptDialogs.obs)
40   EnterPassword                                      isrt.obl(ISRTScriptDialogs.obs)
41   ExistsDir                                          isrt.obl(Files.obs)
42   ExistsDisk                                         isrt.obl(Files.obs)
43   ExitInstall                                        isrt.obl(Driver.obs)
44   EzDefineDialog                                     isrt.obl(CustomDialog.obs)
45   FeatureAddFileToLog                                isrt.obl(Feature.obs)
46   FeatureErrorInfo                                   isrt.obl(Feature.obs)
47   FeatureFilterLanguage                              isrt.obl(Feature.obs)
48   FeatureFilterOS                                    isrt.obl(Feature.obs)
49   FeatureIsItemSelected                              isrt.obl(Feature.obs)
50   FeatureListItems                                   isrt.obl(Feature.obs)
51   FeaturePatch                                       isrt.obl(Feature.obs)
52   FeatureReinstall                                   isrt.obl(Feature.obs)
53   FeatureRemoveAllInLogOnly                          isrt.obl(Feature.obs)
54   FeatureRemoveAllInMedia                            isrt.obl(Feature.obs)
55   FeatureRemoveAllInMediaAndLog                      isrt.obl(Feature.obs)
56   FeatureSaveTarget                                  isrt.obl(Feature.obs)
57   FeatureSelectItem                                  isrt.obl(Feature.obs)
58   FeatureSelectNew                                   isrt.obl(Feature.obs)
59   FeatureTransferData                                isrt.obl(Feature.obs)
60   FeatureValidate                                    isrt.obl(Feature.obs)
61   FinalConstruct                                     ifx.obl(EventsPriv.obs)
62   FinalRelease                                       ifx.obl(EventsPriv.obs)
63   FindFile                                           isrt.obl(Files.obs)
64   FormatMessage                                      isrt.obl(Misc.obs)
65   GDI32.AddFontResource                              Setup.obs
66   GDI32.CreateRectRgn                                Setup.obs
67   GDI32.GetDeviceCaps                                Setup.obs
68   GDI32.RemoveFontResource                           Setup.obs
69   GetAddRemove                                       isrt.obl(SysVars.obs)
70   GetBillboard                                       isrt.obl(SysVars.obs)
71   GetCurrentDialogName                               isrt.obl(Dialogs.obs)
72   GetCurrentDir                                      isrt.obl(Files.obs)
73   GetDialogTitle                                     isrt.obl(Dialogs.obs)
74   GetDir                                             isrt.obl(Str.obs)
75   GetDisk                                            isrt.obl(Str.obs)
76   GetDiskSpace                                       isrt.obl(GSI.obs)
77   GetDiskSpaceEx                                     isrt.obl(GSI.obs)
78   GetEnabledIServices                                isrt.obl(SysVars.obs)
79   GetEnvVar                                          isrt.obl(GSI.obs)
80   GetErrorMsg                                        isrt.obl(Dialogs.obs)
81   GetErrorTitle                                      isrt.obl(Dialogs.obs)
82   GetExtents                                         isrt.obl(GSI.obs)
83   GetFolderApplications                              isrt.obl(SysVars.obs)
84   GetFolderApplications64                            isrt.obl(SysVars.obs)
85   GetFolderDotNet10                                  isrt.obl(SysVars.obs)
86   GetFolderDotNet11                                  isrt.obl(SysVars.obs)
87   GetFolderDotNet20                                  isrt.obl(SysVars.obs)
88   GetFolderFonts                                     isrt.obl(SysVars.obs)
89   GetISRes                                           isrt.obl(SysVars.obs)
90   GetInstallScriptMSI                                isrt.obl(SysVars.obs)
91   GetInstanceGUID                                    isrt.obl(SysVars.obs)
92   GetKeyPathWinCurrVerAuto                           isrt.obl(SysVars.obs)
93   GetLog                                             isrt.obl(SysVars.obs)
94   GetLogEx                                           isrt.obl(SysVars.obs)
95   GetMaintOption                                     isrt.obl(SysVars.obs)
96   GetMaintenance                                     isrt.obl(SysVars.obs)
97   GetMultiInstanceCount                              isrt.obl(SysVars.obs)
98   GetOpenFileMode                                    isrt.obl(Files.obs)
99   GetPackageLocation                                 isrt.obl(SysVars.obs)
100  GetProductGUID                                     isrt.obl(SysVars.obs)
101  GetProfSectionKeyCount                             isrt.obl(Profile.obs)
102  GetProfString                                      isrt.obl(Profile.obs)
103  GetProfStringList                                  isrt.obl(Profile.obs)
104  GetProgramFiles                                    isrt.obl(SysVars.obs)
105  GetReinstallMode                                   isrt.obl(SysVars.obs)
106  GetRemoveAllMode                                   isrt.obl(SysVars.obs)
107  GetRemoveOnly                                      isrt.obl(SysVars.obs)
108  GetShowPasswordDialog                              isrt.obl(SysVars.obs)
109  GetStandardSelectedLanguage                        isrt.obl(SysVars.obs)
110  GetSupportDir                                      isrt.obl(SysVars.obs)
111  GetSystemInfo                                      isrt.obl(GSI.obs)
112  GetTempFolder                                      isrt.obl(SysVars.obs)
113  GetTrueTypeFontFileInfo                            isrt.obl(Misc.obs)
114  GetUserSelectableAuto                              isrt.obl(SysVars.obs)
115  GetWinDir                                          isrt.obl(SysVars.obs)
116  GetWinSysDir                                       isrt.obl(SysVars.obs)
117  GetWindowHandle                                    isrt.obl(Misc.obs)
118  HIWORD                                             isrt.obl(Misc.obs)
119  ISDeterminePlatform                                isrt.obl(OsInfo.obs)
120  ISMIF32.InstallStatusMIF                           isrt.obl(MIF.obs)
121  ISRT.ComponentViewSetInfoEx                        isrt.obl(Dialogs.obs)
122  ISRT.EnableHourGlass                               isrt.obl(Enable.obs)
123  ISRT.GetCPUType                                    isrt.obl(GSI.obs)
124  ISRT.GetFontSub                                    isrt.obl(Dialogs.obs)
125  ISRT.GetHandle                                     Setup.obs
126  ISRT.GetPorts                                      isrt.obl(GSI.obs)
127  ISRT.IsEmpty                                       Setup.obs
128  ISRT.IsNTAdmin                                     isrt.obl(Is.obs)
129  ISRT.IsObject                                      Setup.obs
130  ISRT.IsPowerUser                                   isrt.obl(Is.obs)
131  ISRT.LangLoadString                                isrt.obl(SDINT.obs)
132  ISRT.MessageBeepP                                  Setup.obs
133  ISRT.PathCompactPathPixel                          isrt.obl(CustomDialog.obs)
134  ISRT.PathGetDir                                    isrt.obl(Str.obs)
135  ISRT.PathGetDrive                                  isrt.obl(Str.obs)
136  ISRT.PathGetFile                                   isrt.obl(Files.obs)
137  ISRT.PathGetFileExt                                isrt.obl(Str.obs)
138  ISRT.PathGetFileName                               isrt.obl(Str.obs)
139  ISRT.PathGetLongFromShort                          isrt.obl(Str.obs)
140  ISRT.PathGetPath                                   isrt.obl(Str.obs)
141  ISRT.PathIsValidSyntax                             isrt.obl(Is.obs)
142  ISRT.VerGetFileVersion                             Setup.obs
143  ISRT._AppSearch                                    Setup.obs
144  ISRT._BrowseForFolder                              isrt.obl(ISRTScriptDialogsPriv.obs)
145  ISRT._CCPSearch                                    Setup.obs
146  ISRT._CleanupInet                                  isrt.obl(MIO.obs)
147  ISRT._CloseFile                                    isrt.obl(Files.obs)
148  ISRT._CmdGetHwndDlg                                isrt.obl(CustomDialog.obs)
149  ISRT._CompareDWORD                                 isrt.obl(Extend.obs)
150  ISRT._ComponentErrorInfo                           isrt.obl(Feature.obs)
151  ISRT._ComponentFilterLanguage                      isrt.obl(Feature.obs)
152  ISRT._ComponentFilterOS                            isrt.obl(Feature.obs)
153  ISRT._ComponentIsItemSelected                      isrt.obl(Feature.obs)
154  ISRT._ComponentListItems                           isrt.obl(Feature.obs)
155  ISRT._ComponentPatch                               isrt.obl(Feature.obs)
156  ISRT._ComponentReinstall                           isrt.obl(Feature.obs)
157  ISRT._ComponentRemoveAll                           isrt.obl(Feature.obs)
158  ISRT._ComponentRemoveAllInLogOnly                  isrt.obl(Feature.obs)
159  ISRT._ComponentSaveTarget                          isrt.obl(Feature.obs)
160  ISRT._ComponentSelectItem                          isrt.obl(Feature.obs)
161  ISRT._ComponentSelectNew                           isrt.obl(Feature.obs)
162  ISRT._ComponentTransferData                        isrt.obl(Feature.obs)
163  ISRT._ComponentValidate                            isrt.obl(Feature.obs)
164  ISRT._CreateDir                                    isrt.obl(Files.obs)
165  ISRT._CreateRegistrySet                            isrt.obl(Feature.obs)
166  ISRT._CtrlSetHtmlContent                           isrt.obl(CustomDialog.obs)
167  ISRT._DIFxDriverPackageUninstall                   isrt.obl(ISDIFx.obs)
168  ISRT._DefineDialog                                 isrt.obl(CustomDialog.obs)
169  ISRT._DialogSetFont                                isrt.obl(Dialogs.obs)
170  ISRT._DisableStatus                                isrt.obl(Enable.obs)
171  ISRT._DoSprintf                                    isrt.obl(ISRTScriptDialogsPriv.obs)
172  ISRT._EnableDialogCache                            isrt.obl(Enable.obs)
173  ISRT._EnablePrevDialog                             Setup.obs
174  ISRT._EnableSkins                                  isrt.obl(Enable.obs)
175  ISRT._EnableStatus                                 isrt.obl(Enable.obs)
176  ISRT._EnableWow64FsRedirection                     isrt.obl(Enable.obs)
177  ISRT._EndDialog                                    isrt.obl(CustomDialog.obs)
178  ISRT._ExistsDir                                    isrt.obl(Files.obs)
179  ISRT._ExistsDisk                                   isrt.obl(Files.obs)
180  ISRT._ExistsFile                                   isrt.obl(Files.obs)
181  ISRT._ExitInstall                                  Setup.obs
182  ISRT._GetCurrentDialogName                         isrt.obl(Dialogs.obs)
183  ISRT._GetDiskSpaceEx                               isrt.obl(GSI.obs)
184  ISRT._GetGlobalFlags                               ifx.obl(EventsPriv.obs)
185  ISRT._GetGlobalMemorySize                          isrt.obl(GSI.obs)
186  ISRT._GetProcessorInfo                             isrt.obl(OsInfo.obs)
187  ISRT._GetRunningChildProcessEx2                    isrt.obl(Extend.obs)
188  ISRT._GetStandardLangId                            isrt.obl(Misc.obs)
189  ISRT._GetSupportDir                                isrt.obl(SysVars.obs)
190  ISRT._GetTrueTypeFontFileInfo                      isrt.obl(Misc.obs)
191  ISRT._GetVirtualMachineType                        isrt.obl(GSI.obs)
192  ISRT._InetEndofTransfer                            isrt.obl(iftw.obs)
193  ISRT._InetGetNextDisk                              isrt.obl(iftw.obs)
194  ISRT._InitInstall                                  Setup.obs
195  ISRT._IsFontTypefaceNameAvailable                  isrt.obl(Is.obs)
196  ISRT._IsInAdminGroup                               isrt.obl(Is.obs)
197  ISRT._IsLangSupported                              isrt.obl(Is.obs)
198  ISRT._IsSkinLoaded                                 isrt.obl(Is.obs)
199  ISRT._IsVirtualMachine                             isrt.obl(OsInfo.obs)
200  ISRT._IsWindowsME                                  isrt.obl(GSI.obs)
201  ISRT._IsWow64                                      isrt.obl(OsInfo.obs)
202  ISRT._ListAddItem                                  isrt.obl(scrlist.obs)
203  ISRT._ListAddString                                isrt.obl(scrlist.obs)
204  ISRT._ListCount                                    isrt.obl(scrlist.obs)
205  ISRT._ListCreate                                   isrt.obl(scrlist.obs)
206  ISRT._ListCurrentString                            isrt.obl(scrlist.obs)
207  ISRT._ListDeleteItem                               isrt.obl(scrlist.obs)
208  ISRT._ListDeleteString                             isrt.obl(scrlist.obs)
209  ISRT._ListDestroy                                  isrt.obl(scrlist.obs)
210  ISRT._ListFindString                               isrt.obl(scrlist.obs)
211  ISRT._ListGetFirstItem                             isrt.obl(scrlist.obs)
212  ISRT._ListGetFirstString                           isrt.obl(scrlist.obs)
213  ISRT._ListGetNextItem                              isrt.obl(scrlist.obs)
214  ISRT._ListGetNextString                            isrt.obl(scrlist.obs)
215  ISRT._ListGetType                                  isrt.obl(scrlist.obs)
216  ISRT._ListSetIndex                                 isrt.obl(scrlist.obs)
217  ISRT._MediaGetFilteringInfo                        isrt.obl(Feature.obs)
218  ISRT._MediaGetInfo                                 isrt.obl(Feature.obs)
219  ISRT._OnUninstPriv                                 Setup.obs
220  ISRT._OpenFile                                     isrt.obl(Files.obs)
221  ISRT._Preprogram                                   Setup.obs
222  ISRT._Rebooted                                     Setup.obs
223  ISRT._RegCreateKey                                 isrt.obl(Registry.obs)
224  ISRT._RegDeleteValue                               isrt.obl(Registry.obs)
225  ISRT._RegEnableTextSubs                            isrt.obl(Enable.obs)
226  ISRT._RegEnum                                      isrt.obl(Registry.obs)
227  ISRT._RegGetOptions                                isrt.obl(SysVars.obs)
228  ISRT._RegIsRemoteRegConnected                      isrt.obl(Is.obs)
229  ISRT._RegQueryKeyBinaryValue                       isrt.obl(Registry.obs)
230  ISRT._RegQueryKeyValue                             isrt.obl(Registry.obs)
231  ISRT._RegSetKeyBinaryValue                         isrt.obl(Registry.obs)
232  ISRT._RegSetKeyValue                               isrt.obl(Registry.obs)
233  ISRT._RegSetOptions                                isrt.obl(SysVars.obs)
234  ISRT._ReleaseDialog                                isrt.obl(CustomDialog.obs)
235  ISRT._SdShowMsg                                    isrt.obl(ISRTScriptDialogsPriv.obs)
236  ISRT._SetAltMainImage                              isrt.obl(Dialogs.obs)
237  ISRT._SetDisplayEffect                             isrt.obl(ui.obs)
238  ISRT._SetGlobalFlags                               ifx.obl(EventsPriv.obs)
239  ISRT._SetPaletteFile                               isrt.obl(MIO.obs)
240  ISRT._SetSilentSdShowMsg                           isrt.obl(Enable.obs)
241  ISRT._SetTitle                                     isrt.obl(ui.obs)
242  ISRT._SetupInet                                    isrt.obl(MIO.obs)
243  ISRT._SetupTraceWrite                              isrt.obl(Misc.obs)
244  ISRT._ShowObjWizardPages                           isrt.obl(Objects.obs)
245  ISRT._ShowWizardPages                              Setup.obs
246  ISRT._StatusUpdate                                 isrt.obl(ui.obs)
247  ISRT._WaitOnDialog                                 isrt.obl(CustomDialog.obs)
248  ISRT._WriteLine                                    isrt.obl(Files.obs)
249  ISRT.__CreateObjectContext                         isrt.obl(ISRTInit.obs)
250  ISRT.__GetCmdLineOptions                           isrt.obl(ISRTInit.obs)
251  ISRT.__GetContextGUID                              isrt.obl(ISRTInit.obs)
252  ISRT.__GetEnabledIServices                         isrt.obl(SysVars.obs)
253  ISRT.__GetFileRegistrar                            isrt.obl(ISRTInit.obs)
254  ISRT.__GetInfo                                     isrt.obl(ISRTInit.obs)
255  ISRT.__GetInstallGuid                              isrt.obl(SysVars.obs)
256  ISRT.__GetLog                                      isrt.obl(SysVars.obs)
257  ISRT.__GetLogDB                                    isrt.obl(ISRTInit.obs)
258  ISRT.__GetLogEx                                    isrt.obl(SysVars.obs)
259  ISRT.__GetMainWindow                               Setup.obs
260  ISRT.__GetMaintOption                              isrt.obl(SysVars.obs)
261  ISRT.__GetMaintenanceMode                          isrt.obl(SysVars.obs)
262  ISRT.__GetObjects                                  isrt.obl(ISRTInit.obs)
263  ISRT.__GetProductGuid                              isrt.obl(SysVars.obs)
264  ISRT.__GetProgress                                 Setup.obs
265  ISRT.__GetReboot                                   isrt.obl(ISRTInit.obs)
266  ISRT.__GetReinstallMode                            isrt.obl(SysVars.obs)
267  ISRT.__GetRemoveAllMode                            isrt.obl(SysVars.obs)
268  ISRT.__GetTextSub                                  isrt.obl(ISRTInit.obs)
269  ISRT.__GetUpdateMode                               isrt.obl(SysVars.obs)
270  ISRT.__GetUser                                     isrt.obl(MIO.obs)
271  ISRT.__ISRTGetPropertyBag                          ifx.obl(PersistPropertyBag.obs)
272  ISRT.__ISRTReleasePropertyBag                      ifx.obl(PersistPropertyBag.obs)
273  ISRT.__LoadString                                  isrt.obl(LoadStr.obs)
274  ISRT.__PutEnabledIServices                         isrt.obl(Enable.obs)
275  ISRT.__ReleaseObjectContext                        isrt.obl(ISRTInit.obs)
276  ISRT.__RestoreMainLog                              isrt.obl(ISRTInit.obs)
277  ISRT.__RestoreMainLogEx                            isrt.obl(ISRTInit.obs)
278  ISRT.__SetComponentLog                             isrt.obl(ISRTInit.obs)
279  ISRT.__SetUpdateMode                               isrt.obl(SysVars.obs)
280  ISRTHandleScriptException                          isrt.obl(Misc.obs)
281  ISRTOnUninstPriv                                   isrt.obl(Driver.obs)
282  ISRTPreprogram                                     isrt.obl(Driver.obs)
283  IfxFilterComponents                                ifx.obl(EventsSetupPriv.obs)
284  IfxFinalConstruct                                  ifx.obl(EventsSetupPriv.obs)
285  IfxFinalRelease                                    ifx.obl(EventsSetupPriv.obs)
286  IfxInitProperties                                  ifx.obl(PersistPropertyBag.obs)
287  IfxOnAbortInstall                                  ifx.obl(EventsPriv.obs)
288  IfxOnAppSearch                                     ifx.obl(EventsPriv.obs)
289  IfxOnCCPSearch                                     ifx.obl(EventsPriv.obs)
290  IfxOnCanceling                                     ifx.obl(EventsPriv.obs)
291  IfxOnDisk1Installed                                ifx.obl(EventsSetupPriv.obs)
292  IfxOnDisk1Installing                               ifx.obl(EventsSetupPriv.obs)
293  IfxOnExitInstall                                   ifx.obl(EventsSetupPriv.obs)
294  IfxOnFileError                                     ifx.obl(EventsSetupPriv.obs)
295  IfxOnFileLocked                                    ifx.obl(EventsSetupPriv.obs)
296  IfxOnFileReadOnly                                  ifx.obl(EventsSetupPriv.obs)
297  IfxOnGeneralScriptOp                               ifx.obl(EventsPriv.obs)
298  IfxOnHelp                                          ifx.obl(EventsPriv.obs)
299  IfxOnInitInstall                                   ifx.obl(EventsSetupPriv.obs)
300  IfxOnInternetError                                 ifx.obl(EventsSetupPriv.obs)
301  IfxOnMD5Error                                      ifx.obl(EventsSetupPriv.obs)
302  IfxOnNextDisk                                      ifx.obl(EventsSetupPriv.obs)
303  IfxOnRebooted                                      ifx.obl(EventsPriv.obs)
304  IfxOnRemovingSharedFile                            ifx.obl(EventsSetupPriv.obs)
305  IfxOnShowWizardPages                               ifx.obl(EventsSetupPriv.obs)
306  IfxOnTransferred                                   ifx.obl(EventsPriv.obs)
307  IfxOnTransferring                                  ifx.obl(EventsSetupPriv.obs)
308  IfxOnUnhandledException                            ifx.obl(EventsPriv.obs)
309  IfxOnUninst                                        ifx.obl(EventsSetupPriv.obs)
310  IfxOnUninstPriv                                    ifx.obl(EventsSetupPriv.obs)
311  IfxPostprogram                                     ifx.obl(EventsSetupPriv.obs)
312  IfxPreprogram                                      ifx.obl(EventsSetupPriv.obs)
313  IfxReadProperties                                  ifx.obl(PersistPropertyBag.obs)
314  IfxRunAfterReboot                                  ifx.obl(EventsSetupPriv.obs)
315  IfxWriteProperties                                 ifx.obl(PersistPropertyBag.obs)
316  InetEndofTransfer                                  isrt.obl(iftw.obs)
317  InetNextDisk                                       isrt.obl(iftw.obs)
318  InitInstall                                        isrt.obl(Driver.obs)
319  InitProperties                                     ifx.obl(PersistPropertyBag.obs)
320  Is                                                 isrt.obl(Is.obs)
321  IsInetInstall                                      isrt.obl(iftw.obs)
322  KERNEL.GetModuleHandle                             Setup.obs
323  KERNEL32.CloseHandle                               Setup.obs
324  KERNEL32.CreateFileW                               Setup.obs
325  KERNEL32.CreateProcess                             Setup.obs
326  KERNEL32.DeleteFileW                               Setup.obs
327  KERNEL32.FindClose                                 Setup.obs
328  KERNEL32.FindFirstFileW                            Setup.obs
329  KERNEL32.FindNextFileW                             Setup.obs
330  KERNEL32.FormatMessageW                            Setup.obs
331  KERNEL32.FreeLibrary                               Setup.obs
332  KERNEL32.GetCurrentDirectoryW                      Setup.obs
333  KERNEL32.GetDriveType                              Setup.obs
334  KERNEL32.GetEnvironmentVariable                    Setup.obs
335  KERNEL32.GetExitCodeProcess                        Setup.obs
336  KERNEL32.GetFileAttributesW                        Setup.obs
337  KERNEL32.GetLocalTime                              Setup.obs
338  KERNEL32.GetLocaleInfo                             Setup.obs
339  KERNEL32.GetPrivateProfileSectionW                 Setup.obs
340  KERNEL32.GetPrivateProfileString                   Setup.obs
341  KERNEL32.GetPrivateProfileStringW                  Setup.obs
342  KERNEL32.GetProcAddress                            Setup.obs
343  KERNEL32.GetProcessId                              Setup.obs
344  KERNEL32.GetProfileStringW                         Setup.obs
345  KERNEL32.GetSystemDefaultLCID                      Setup.obs
346  KERNEL32.GetSystemDefaultLangID                    Setup.obs
347  KERNEL32.GetSystemDefaultUILanguage                Setup.obs
348  KERNEL32.GetTickCount                              Setup.obs
349  KERNEL32.GetUserDefaultLangID                      Setup.obs
350  KERNEL32.GetVersion                                Setup.obs
351  KERNEL32.GetVersionEx                              Setup.obs
352  KERNEL32.GetVolumeInformation                      Setup.obs
353  KERNEL32.GetWindowsDirectory                       Setup.obs
354  KERNEL32.LoadLibraryW                              Setup.obs
355  KERNEL32.SetCurrentDirectoryW                      Setup.obs
356  KERNEL32.SetFileAttributesW                        Setup.obs
357  KERNEL32.Sleep                                     Setup.obs
358  KERNEL32.WritePrivateProfileString                 Setup.obs
359  KERNEL32.WritePrivateProfileStringW                Setup.obs
360  KERNEL32.WriteProfileStringW                       Setup.obs
361  KERNEL32.lstrlenW                                  Setup.obs
362  LOWORD                                             isrt.obl(Misc.obs)
363  LaunchAppAndWait                                   isrt.obl(Extend.obs)
364  LaunchAppAndWaitInitStartupInfo                    isrt.obl(Extend.obs)
365  LaunchApplication                                  isrt.obl(Extend.obs)
366  LaunchApplicationInit                              isrt.obl(Extend.obs)
367  ListAddItem                                        isrt.obl(scrlist.obs)
368  ListAddString                                      isrt.obl(scrlist.obs)
369  ListCount                                          isrt.obl(scrlist.obs)
370  ListCreate                                         isrt.obl(scrlist.obs)
371  ListCurrentString                                  isrt.obl(scrlist.obs)
372  ListDeleteItem                                     isrt.obl(scrlist.obs)
373  ListDeleteString                                   isrt.obl(scrlist.obs)
374  ListDestroy                                        isrt.obl(scrlist.obs)
375  ListFindString                                     isrt.obl(scrlist.obs)
376  ListGetFirstItem                                   isrt.obl(scrlist.obs)
377  ListGetFirstString                                 isrt.obl(scrlist.obs)
378  ListGetNextItem                                    isrt.obl(scrlist.obs)
379  ListGetNextString                                  isrt.obl(scrlist.obs)
380  ListGetType                                        isrt.obl(scrlist.obs)
381  ListSetIndex                                       isrt.obl(scrlist.obs)
382  ListValid                                          isrt.obl(scrlist.obs)
383  ListValidType                                      isrt.obl(scrlist.obs)
384  LoadStringFromStringTable                          isrt.obl(Str.obs)
385  LogReadCustomString                                isrt.obl(Misc.obs)
386  LogReadCustomVariant                               isrt.obl(Misc.obs)
387  LogWriteCustomString                               isrt.obl(Misc.obs)
388  LogWriteCustomVariant                              isrt.obl(Misc.obs)
389  LongPathFromShortPath                              isrt.obl(Str.obs)
390  LongPathToQuote                                    isrt.obl(Str.obs)
391  MAKELONG                                           isrt.obl(Misc.obs)
392  MIFCreateMIFFile                                   isrt.obl(MIF.obs)
393  MIFDeleteMIFFile                                   isrt.obl(MIF.obs)
394  MIFInitialize                                      isrt.obl(MIF.obs)
395  MIFSetInformation                                  isrt.obl(MIF.obs)
396  MIFUnInitialize                                    isrt.obl(MIF.obs)
397  MIFWasSetInformationCalled                         isrt.obl(MIF.obs)
398  MIOShutdown                                        isrt.obl(MIO.obs)
399  MIOStartup                                         isrt.obl(MIO.obs)
400  MaintenanceStart                                   isrt.obl(Registry.obs)
401  MediaGetData                                       isrt.obl(Feature.obs)
402  MediaGetDataEx                                     isrt.obl(Feature.obs)
403  MessageBeep                                        isrt.obl(Misc.obs)
404  MessageBox                                         isrt.obl(ISRTScriptDialogsPriv.obs)
405  MessageBoxEx                                       isrt.obl(ISRTScriptDialogsPriv.obs)
406  OnAbort                                            ifx.obl(EventsSetup.obs)
407  OnAppSearch                                        ifx.obl(EventsSetup.obs)
408  OnBegin                                            ifx.obl(EventsSetup.obs)
409  OnCCPSearch                                        ifx.obl(EventsSetup.obs)
410  OnCanceling                                        ifx.obl(EventsSetup.obs)
411  OnCheckMediaPassword                               ifx.obl(EventsSetup.obs)
412  OnComponentError                                   ifx.obl(EventsSetup.obs)
413  OnCustomizeUninstInfo                              ifx.obl(EventsSetup.obs)
414  OnDIFxLogCallback                                  ifx.obl(EventsSetup.obs)
415  OnDIFxLogCallbackImpl                              isrt.obl(ISDIFx.obs)
416  OnEnd                                              ifx.obl(EventsSetup.obs)
417  OnFileError                                        ifx.obl(EventsSetup.obs)
418  OnFileLocked                                       ifx.obl(EventsSetup.obs)
419  OnFileReadOnly                                     ifx.obl(EventsSetup.obs)
420  OnFilterComponents                                 ifx.obl(EventsSetup.obs)
421  OnFirstUIAfter                                     Setup.obs
422  OnFirstUIBefore                                    Setup.obs
423  OnHelp                                             ifx.obl(EventsSetup.obs)
424  OnIISAppPoolUninstalling                           ifx.obl(EventsPriv.obs)
425  OnIISCheckRequirements                             ifx.obl(EventsPriv.obs)
426  OnIISComponentInstalled                            ifx.obl(EventsPriv.obs)
427  OnIISInitialize                                    ifx.obl(EventsPriv.obs)
428  OnIISUninitialize                                  ifx.obl(EventsPriv.obs)
429  OnIISVRootUninstalling                             ifx.obl(EventsPriv.obs)
430  OnIISWebServiceExtensionUninstalling               ifx.obl(EventsPriv.obs)
431  OnIISWebSiteUninstalling                           ifx.obl(EventsPriv.obs)
432  OnInstallDRMService                                isrt.obl(Activation.obs)
433  OnInstalledFile                                    ifx.obl(EventsSetup.obs)
434  OnInstalledFontFile                                ifx.obl(EventsSetup.obs)
435  OnInstallingFile                                   ifx.obl(EventsSetup.obs)
436  OnInternetError                                    ifx.obl(EventsSetup.obs)
437  OnLaunchAppAndWaitCallback                         ifx.obl(EventsSetup.obs)
438  OnMD5Error                                         ifx.obl(EventsSetup.obs)
439  OnMaintUIAfter                                     Setup.obs
440  OnMaintUIBefore                                    Setup.obs
441  OnMoveData                                         ifx.obl(EventsSetup.obs)
442  OnMoved                                            ifx.obl(EventsSetup.obs)
443  OnMoving                                           ifx.obl(EventsSetup.obs)
444  OnNetApiCreateUserAccount                          ifx.obl(EventsSetup.obs)
445  OnNetApiCreateUserAccountInternal                  isrt.obl(NetApiRT.obs)
446  OnNextDisk                                         ifx.obl(EventsSetup.obs)
447  OnRebooted                                         ifx.obl(EventsSetup.obs)
448  OnRemovingSharedFile                               ifx.obl(EventsSetup.obs)
449  OnSQLBatchScripts                                  ifx.obl(EventsPriv.obs)
450  OnSQLComponentInstalled                            ifx.obl(EventsPriv.obs)
451  OnSQLComponentUninstalled                          ifx.obl(EventsPriv.obs)
452  OnSQLServerInitialize                              ifx.obl(EventsPriv.obs)
453  OnSQLServerInitializeMaint                         ifx.obl(EventsPriv.obs)
454  OnSelfRegistrationError                            ifx.obl(EventsSetup.obs)
455  OnSetTARGETDIR                                     ifx.obl(EventsSetup.obs)
456  OnSetUpdateMode                                    ifx.obl(EventsSetup.obs)
457  OnShowUI                                           ifx.obl(EventsSetup.obs)
458  OnUnInstallDRMService                              isrt.obl(Activation.obs)
459  OnUnhandledException                               ifx.obl(EventsPriv.obs)
460  OnUninstall                                        ifx.obl(EventsSetup.obs)
461  OnUninstalledFile                                  ifx.obl(EventsSetup.obs)
462  OnUninstallingDIFxDriverFile                       ifx.obl(EventsSetup.obs)
463  OnUninstallingFile                                 ifx.obl(EventsSetup.obs)
464  OnUninstallingFontFile                             ifx.obl(EventsSetup.obs)
465  OnUpdateUIAfter                                    ifx.obl(EventsSetup.obs)
466  OnUpdateUIBefore                                   ifx.obl(EventsSetup.obs)
467  OnXMLComponentInstalled                            ifx.obl(EventsPriv.obs)
468  OnXMLComponentUninstalling                         ifx.obl(EventsPriv.obs)
469  OnXMLInitialize                                    ifx.obl(EventsPriv.obs)
470  OnXMLUninitialize                                  ifx.obl(EventsPriv.obs)
471  OpenFileMode                                       isrt.obl(Files.obs)
472  ParsePath                                          isrt.obl(Str.obs)
473  Postprogram                                        ifx.obl(EventsSetupPriv.obs)
474  Preprogram                                         ifx.obl(EventsSetupPriv.obs)
475  PthFixPath                                         isrt.obl(Pth.obs)
476  PthIsAbsPath                                       isrt.obl(Pth.obs)
477  ReadProperties                                     ifx.obl(PersistPropertyBag.obs)
478  Rebooted                                           isrt.obl(Driver.obs)
479  RegDBDeleteItem                                    isrt.obl(Registry.obs)
480  RegDBDeleteValue                                   isrt.obl(Registry.obs)
481  RegDBDeleteValueEx                                 isrt.obl(Registry.obs)
482  RegDBDeleteValueEx32                               isrt.obl(Registry.obs)
483  RegDBGetDefaultRoot                                isrt.obl(SysVars.obs)
484  RegDBGetItem                                       isrt.obl(Registry.obs)
485  RegDBGetKeyValueEx                                 isrt.obl(Registry.obs)
486  RegDBQueryKey                                      isrt.obl(Registry.obs)
487  RegDBQueryKeyCount                                 isrt.obl(Registry.obs)
488  RegDBQueryStringMultiStringCount                   isrt.obl(Registry.obs)
489  RegDBQueryValue                                    isrt.obl(Registry.obs)
490  RegDBQueryValue32                                  isrt.obl(Registry.obs)
491  RegDBSetDefaultRoot                                isrt.obl(SysVars.obs)
492  RegDBSetItem                                       isrt.obl(Registry.obs)
493  RegDBSetKeyValueEx                                 isrt.obl(Registry.obs)
494  RegDBSetValue                                      isrt.obl(Registry.obs)
495  RegDBSetValue32                                    isrt.obl(Registry.obs)
496  RegDBSetVersion                                    isrt.obl(Registry.obs)
497  RegisterFontResource                               isrt.obl(Misc.obs)
498  ReleaseDialog                                      isrt.obl(CustomDialog.obs)
499  SdAskDestPath2                                     isrt.obl(ISRTScriptDialogs.obs)
500  SdCloseDlg                                         isrt.obl(SDINT.obs)
501  SdDlgToTop                                         isrt.obl(SDINT.obs)
502  SdDoStdButton                                      isrt.obl(SDINT.obs)
503  SdEnablement                                       isrt.obl(SDINT.obs)
504  SdError                                            isrt.obl(SDINT.obs)
505  SdExceptionsInit                                   isrt.obl(ISRTScriptDialogsPriv.obs)
506  SdFinish                                           isrt.obl(ISRTScriptDialogs.obs)
507  SdFinishReboot                                     isrt.obl(ISRTScriptDialogs.obs)
508  SdGeneralInit                                      isrt.obl(SDINT.obs)
509  SdInit                                             isrt.obl(SDINT.obs)
510  SdIsStdButton                                      isrt.obl(SDINT.obs)
511  SdLoadString                                       isrt.obl(SDINT.obs)
512  SdMakeName                                         isrt.obl(SDINT.obs)
513  SdPlugInProductName                                isrt.obl(SDINT.obs)
514  SdSetDlgTitle                                      isrt.obl(SDINT.obs)
515  SdSetStatic                                        isrt.obl(SDINT.obs)
516  SdShowMsg                                          isrt.obl(ISRTScriptDialogsPriv.obs)
517  SdSubstituteProductInfo                            isrt.obl(SDINT.obs)
518  SdUnInit                                           isrt.obl(SDINT.obs)
519  SdWelcome                                          isrt.obl(ISRTScriptDialogs.obs)
520  SelectDir                                          isrt.obl(ISRTScriptDialogsPriv.obs)
521  SelectDirNoLog                                     isrt.obl(ISRTScriptDialogsPriv.obs)
522  SendMessage                                        isrt.obl(Misc.obs)
523  ServiceInitParams                                  isrt.obl(Service.obs)
524  SetCmdLine                                         isrt.obl(SysVars.obs)
525  SetDialogTitle                                     isrt.obl(Dialogs.obs)
526  SetDisplayEffect                                   isrt.obl(ui.obs)
527  SetExtendedErrInfo                                 isrt.obl(IsUtil.obs)
528  SetStatus                                          ifx.obl(EventsSetupPriv.obs)
529  SetStatusEx                                        ifx.obl(EventsSetupPriv.obs)
530  SetStatusExStaticText                              isrt.obl(ui.obs)
531  SetStatusWindow                                    isrt.obl(ui.obs)
532  SetTitle                                           isrt.obl(ui.obs)
533  SetupTraceWrite                                    isrt.obl(Misc.obs)
534  Shell32.ShellExecuteExW                            Setup.obs
535  ShowObjWizardPages                                 isrt.obl(Objects.obs)
536  ShowWizardPages                                    isrt.obl(Driver.obs)
537  SilentCreateFile                                   isrt.obl(Silent.obs)
538  SilentDoGeneralInfo                                isrt.obl(Silent.obs)
539  SilentFailed                                       isrt.obl(Silent.obs)
540  SilentFinish                                       isrt.obl(Silent.obs)
541  SilentInit                                         isrt.obl(Silent.obs)
542  SilentLogWriteData                                 isrt.obl(Silent.obs)
543  SilentReadData                                     isrt.obl(Silent.obs)
544  SilentSetInfo                                      isrt.obl(Silent.obs)
545  SilentSetMode                                      isrt.obl(Silent.obs)
546  SilentWriteData                                    isrt.obl(Silent.obs)
547  Sprintf                                            isrt.obl(Str.obs)
548  SprintfBox                                         isrt.obl(ISRTScriptDialogsPriv.obs)
549  StatusUpdate                                       isrt.obl(ui.obs)
550  StrAddLastSlash                                    isrt.obl(Str.obs)
551  StrFindEx                                          isrt.obl(Str.obs)
552  StrGetTokens                                       isrt.obl(Str.obs)
553  StrLength                                          isrt.obl(Str.obs)
554  StrRemoveLastSlash                                 isrt.obl(Str.obs)
555  StrReplace                                         isrt.obl(Str.obs)
556  StrToNumHex                                        isrt.obl(Str.obs)
557  StrToUpper                                         isrt.obl(Str.obs)
558  StrTrim                                            isrt.obl(Str.obs)
559  SysVarsInit                                        isrt.obl(SysVars.obs)
560  SysVarsTrace                                       isrt.obl(SysVars.obs)
561  SysVarsUnInit                                      isrt.obl(SysVars.obs)
562  System                                             isrt.obl(Misc.obs)
563  SystemRestoreCancelRestorePointIS                  isrt.obl(PCRestore.obs)
564  SystemRestoreCloseRestorePointIS                   isrt.obl(PCRestore.obs)
565  SystemRestoreDisableIS                             isrt.obl(PCRestore.obs)
566  SystemRestoreIsEnabledIS                           isrt.obl(PCRestore.obs)
567  SystemRestoreOpenRestorePointIS                    isrt.obl(PCRestore.obs)
568  TextSubGetValue                                    isrt.obl(TextSub.obs)
569  TextSubParseTextSub                                isrt.obl(TextSub.obs)
570  TextSubSetValue                                    isrt.obl(TextSub.obs)
571  TextSubSubstitute                                  isrt.obl(TextSub.obs)
572  USER.EnableWindow                                  Setup.obs
573  USER.GetClassName                                  Setup.obs
574  USER.GetDC                                         Setup.obs
575  USER.GetDlgItem                                    Setup.obs
576  USER.GetFocus                                      Setup.obs
577  USER.GetWindowLong                                 Setup.obs
578  USER.GetWindowRect                                 Setup.obs
579  USER.IsIconic                                      Setup.obs
580  USER.IsWindow                                      Setup.obs
581  USER.PostMessage                                   Setup.obs
582  USER.ReleaseDC                                     Setup.obs
583  USER.SendMessageW                                  Setup.obs
584  USER.SetFocus                                      Setup.obs
585  USER.SetWindowPos                                  Setup.obs
586  USER.SetWindowText                                 Setup.obs
587  USER.ShowWindow                                    Setup.obs
588  USER32.CharUpperBuffW                              Setup.obs
589  USER32.DispatchMessage                             Setup.obs
590  USER32.GetDesktopWindow                            Setup.obs
591  USER32.GetSystemMetrics                            Setup.obs
592  USER32.GetWindowText                               Setup.obs
593  USER32.GetWindowTextLength                         Setup.obs
594  USER32.IsWindowVisible                             Setup.obs
595  USER32.MessageBoxW                                 Setup.obs
596  USER32.MsgWaitForMultipleObjects                   Setup.obs
597  USER32.PeekMessageW                                Setup.obs
598  USER32.SendMessageW                                Setup.obs
599  USER32.SetForegroundWindow                         Setup.obs
600  USER32.SetWindowLong                               Setup.obs
601  USER32.SetWindowRgn                                Setup.obs
602  USER32.TranslateMessage                            Setup.obs
603  USER32.WaitForInputIdle                            Setup.obs
604  UpdateServiceEnableUpdateService                   isrt.obl(ISUpdateService.obs)
605  VarInit                                            isrt.obl(SysVars.obs)
606  VarRestore                                         isrt.obl(SysVars.obs)
607  VarRestoreISRT                                     isrt.obl(SysVars.obs)
608  VarSave                                            isrt.obl(SysVars.obs)
609  VarSaveISRT                                        isrt.obl(SysVars.obs)
610  VerCompare                                         isrt.obl(version.obs)
611  VerProductCompareVersions                          isrt.obl(version.obs)
612  VerProductGetInstalledVersion                      isrt.obl(version.obs)
613  VerProductIsVersionSupported                       isrt.obl(version.obs)
614  VerProductNumToStr                                 isrt.obl(version.obs)
615  VerProductStrToNum                                 isrt.obl(version.obs)
616  VerProductVerFromVerParts                          isrt.obl(version.obs)
617  VerProductVerPartsFromVer                          isrt.obl(version.obs)
618  WaitForApplication                                 isrt.obl(Extend.obs)
619  WaitOnDialog                                       isrt.obl(CustomDialog.obs)
620  WizardDirection                                    ifx.obl(EventsSetupPriv.obs)
621  WriteLine                                          isrt.obl(Files.obs)
622  WriteProfInt                                       isrt.obl(Profile.obs)
623  WriteProfString                                    isrt.obl(Profile.obs)
624  WriteProperties                                    ifx.obl(PersistPropertyBag.obs)
625  __ISRTDoExit                                       isrt.obl(Misc.obs)
626  __ISRTInit                                         isrt.obl(ISRTInit.obs)
627  __ISRTRestoreMainLog                               isrt.obl(ISRTInit.obs)
628  __ISRTRestoreMainLogEx                             isrt.obl(ISRTInit.obs)
629  __ISRTSetComponentLog                              isrt.obl(ISRTInit.obs)
630  __ISRTUnInit                                       isrt.obl(ISRTInit.obs)
631  __LoadIScriptString                                isrt.obl(LoadStr.obs)
632  program                                            ifx.obl(EventsSetupPriv.obs)
633  sfc.SRSetRestorePointW                             Setup.obs


***** External Variables *****
1    ADDREMOVE                                          isrt.obl(DebugSymbols.obs)
2    ADDREMOVE_COMBINEDBUTTON                           Setup.obs
3    ADDREMOVE_HIDECHANGEOPTION                         Setup.obs
4    ADDREMOVE_HIDEREMOVEOPTION                         Setup.obs
5    ADDREMOVE_HIDEREPAIROPTION                         Setup.obs
6    ADDREMOVE_STRING_REMOVEONLY                        Setup.obs
7    ADDREMOVE_SYSTEMCOMPONENT                          Setup.obs
8    ADMINUSER                                          Setup.obs
9    ALLUSERS                                           Setup.obs
10   BASICMSI                                           isrt.obl(DebugSymbols.obs)
11   BATCH_INSTALL                                      Setup.obs
12   CMDLINE                                            isrt.obl(DebugSymbols.obs)
13   COMMONFILES                                        isrt.obl(DebugSymbols.obs)
14   COMMONFILES64                                      isrt.obl(DebugSymbols.obs)
15   DISABLE_ALLUSERBTN                                 Setup.obs
16   DISABLE_PERUSERBTN                                 Setup.obs
17   DISK1SETUPEXENAME                                  isrt.obl(DebugSymbols.obs)
18   DISK1TARGET                                        Setup.obs
19   ENABLED_ISERVICES                                  isrt.obl(DebugSymbols.obs)
20   ENGINECOMMONDIR                                    isrt.obl(DebugSymbols.obs)
21   ENGINEDIR                                          isrt.obl(DebugSymbols.obs)
22   ERRORFILENAME                                      Setup.obs
23   Err                                                Setup.obs
24   FILETIME                                           Setup.obs
25   FIND_DATAW                                         Setup.obs
26   FOLDER_APPDATA                                     isrt.obl(DebugSymbols.obs)
27   FOLDER_COMMON_APPDATA                              isrt.obl(DebugSymbols.obs)
28   FOLDER_DESKTOP                                     isrt.obl(DebugSymbols.obs)
29   FOLDER_DOTNET_10                                   isrt.obl(DebugSymbols.obs)
30   FOLDER_DOTNET_11                                   isrt.obl(DebugSymbols.obs)
31   FOLDER_DOTNET_20                                   isrt.obl(DebugSymbols.obs)
32   FOLDER_DOTNET_30                                   isrt.obl(DebugSymbols.obs)
33   FOLDER_DOTNET_35                                   isrt.obl(DebugSymbols.obs)
34   FOLDER_DOTNET_40                                   isrt.obl(DebugSymbols.obs)
35   FOLDER_FONTS                                       isrt.obl(DebugSymbols.obs)
36   FOLDER_LOCAL_APPDATA                               isrt.obl(DebugSymbols.obs)
37   FOLDER_PERSONAL                                    isrt.obl(DebugSymbols.obs)
38   FOLDER_PROGRAMS                                    isrt.obl(DebugSymbols.obs)
39   FOLDER_STARTMENU                                   isrt.obl(DebugSymbols.obs)
40   FOLDER_STARTUP                                     isrt.obl(DebugSymbols.obs)
41   FOLDER_TEMP                                        isrt.obl(DebugSymbols.obs)
42   FileRegistrar                                      Setup.obs
43   HIDE_DISABLED_BTNS                                 Setup.obs
44   HKEYCURRENTROOTKEY                                 Setup.obs
45   IFX_COMPANY_NAME                                   Setup.obs
46   IFX_DISK1INSTALLED                                 Setup.obs
47   IFX_INITIALIZED                                    Setup.obs
48   IFX_INSTALLED_DISPLAY_VERSION                      Setup.obs
49   IFX_INSTALLED_VERSION                              Setup.obs
50   IFX_KEYPATH_PRODUCT_INFO                           Setup.obs
51   IFX_MULTI_INSTANCE_SUFFIX                          Setup.obs
52   IFX_OPEN_RESTORE_POINT                             isrt.obl(PCRestore.obs)
53   IFX_PRODUCT_COMMENTS                               Setup.obs
54   IFX_PRODUCT_DISPLAY_NAME                           Setup.obs
55   IFX_PRODUCT_DISPLAY_VERSION                        Setup.obs
56   IFX_PRODUCT_ICON                                   Setup.obs
57   IFX_PRODUCT_KEY                                    Setup.obs
58   IFX_PRODUCT_NAME                                   Setup.obs
59   IFX_PRODUCT_README                                 Setup.obs
60   IFX_PRODUCT_REGISTEREDCOMPANY                      Setup.obs
61   IFX_PRODUCT_REGISTEREDOWNER                        Setup.obs
62   IFX_PRODUCT_REGISTEREDSERIALNUM                    Setup.obs
63   IFX_PRODUCT_SUPPORT_CONTACT                        Setup.obs
64   IFX_PRODUCT_SUPPORT_PHONE                          Setup.obs
65   IFX_PRODUCT_SUPPORT_URL                            Setup.obs
66   IFX_PRODUCT_UPDATE_URL                             Setup.obs
67   IFX_PRODUCT_URL                                    Setup.obs
68   IFX_PRODUCT_VERSION                                Setup.obs
69   IFX_RESTORE_DISABLED                               isrt.obl(PCRestore.obs)
70   IFX_SETUP_TITLE                                    Setup.obs
71   IFX_SUPPORTED_VERSIONS                             Setup.obs
72   IISROOTFOLDER                                      isrt.obl(DebugSymbols.obs)
73   INSTALLSCRIPTMSI                                   isrt.obl(DebugSymbols.obs)
74   INSTALLSCRIPTMSIEEUI                               isrt.obl(DebugSymbols.obs)
75   INSTANCE_GUID                                      isrt.obl(DebugSymbols.obs)
76   ISDIFXAPPID                                        Setup.obs
77   ISRES                                              isrt.obl(DebugSymbols.obs)
78   ISUSER                                             isrt.obl(DebugSymbols.obs)
79   ISUTIL_FUNCTION_ACTUAL_ERROR                       Setup.obs
80   ISUTIL_LINE_NUMBER                                 Setup.obs
81   ISUTIL_SCRIPT_FILE                                 Setup.obs
82   ISVERSION                                          isrt.obl(DebugSymbols.obs)
83   IS_NULLSTR_PTR                                     Setup.obs
84   InetSRCDIR                                         Setup.obs
85   LAAW_PARAMETERS                                    Setup.obs
86   LAAW_PROCESS_INFORMATION                           Setup.obs
87   LAAW_SHELLEXECUTEINFO                              Setup.obs
88   LAAW_SHELLEXECUTEVERB                              Setup.obs
89   LAAW_STARTUPINFO                                   Setup.obs
90   LAST_RESULT                                        Setup.obs
91   LogDB                                              Setup.obs
92   MAINTENANCE                                        isrt.obl(DebugSymbols.obs)
93   MAINT_OPTION                                       isrt.obl(DebugSymbols.obs)
94   MEDIA                                              Setup.obs
95   MEDIA_INFO                                         isrt.obl(Feature.obs)
96   MODE                                               Setup.obs
97   MSG                                                Setup.obs
98   MULTI_INSTANCE_COUNT                               isrt.obl(DebugSymbols.obs)
99   MainWindow                                         Setup.obs
100  NOTHING                                            Setup.obs
101  OSINFO_PLATFORM_INFO                               Setup.obs
102  OSINFO_PROCESSOR_INFO                              Setup.obs
103  OSVERSIONINFOEXW                                   Setup.obs
104  OSVERSIONINFOW                                     Setup.obs
105  Objects                                            Setup.obs
106  PACKAGE_LOCATION                                   isrt.obl(DebugSymbols.obs)
107  POINT                                              Setup.obs
108  PRIVILEGED                                         Setup.obs
109  PROCESS_INFORMATION                                Setup.obs
110  PRODUCT_GUID                                       isrt.obl(DebugSymbols.obs)
111  PROGRAMFILES                                       isrt.obl(DebugSymbols.obs)
112  PROGRAMFILES64                                     isrt.obl(DebugSymbols.obs)
113  RECT                                               Setup.obs
114  REGDB_OPTIONS                                      Setup.obs
115  REINSTALLMODE                                      isrt.obl(DebugSymbols.obs)
116  REMOVEALLMODE                                      isrt.obl(DebugSymbols.obs)
117  REMOVEONLY                                         isrt.obl(DebugSymbols.obs)
118  RUN_ONCE_PROGRAM                                   isrt.obl(DebugSymbols.obs)
119  Reboot                                             Setup.obs
120  SELECTED_LANGUAGE                                  isrt.obl(DebugSymbols.obs)
121  SERVICE_IS_PARAMS                                  Setup.obs
122  SETUPTYPE_STR_COMPACT                              Setup.obs
123  SETUPTYPE_STR_COMPLETE                             Setup.obs
124  SETUPTYPE_STR_CUSTOM                               Setup.obs
125  SETUPTYPE_STR_TYPICAL                              Setup.obs
126  SHAREDSUPPORTDIR                                   isrt.obl(DebugSymbols.obs)
127  SHELLEXECUTEINFOW                                  Setup.obs
128  SHELL_OBJECT_FOLDER                                Setup.obs
129  SHOW_PASSWORD_DIALOG                               isrt.obl(DebugSymbols.obs)
130  SRCDIR                                             Setup.obs
131  SRCDISK                                            isrt.obl(DebugSymbols.obs)
132  STANDARD_SELECTED_LANGUAGE                         isrt.obl(DebugSymbols.obs)
133  STARTUPINFOW                                       Setup.obs
134  SUPPORTDIR                                         isrt.obl(DebugSymbols.obs)
135  SYSINFO                                            Setup.obs
136  SYSPROCESSORINFO                                   Setup.obs
137  SYSTEMTIME                                         Setup.obs
138  SetupInfo                                          Setup.obs
139  StatusDlg                                          Setup.obs
140  TARGETDIR                                          Setup.obs
141  TARGETDISK                                         isrt.obl(DebugSymbols.obs)
142  TextSub                                            Setup.obs
143  UNINST                                             Setup.obs
144  UNINSTALLKEY                                       Setup.obs
145  UNINSTALL_DISPLAYNAME                              Setup.obs
146  UNINSTALL_STRING                                   Setup.obs
147  UPDATEMODE                                         Setup.obs
148  WINDIR                                             isrt.obl(DebugSymbols.obs)
149  WINDISK                                            isrt.obl(DebugSymbols.obs)
150  WINSYSDIR                                          isrt.obl(DebugSymbols.obs)
151  WINSYSDIR64                                        isrt.obl(DebugSymbols.obs)
152  WINSYSDISK                                         isrt.obl(DebugSymbols.obs)
153  _FONTFILEINFO                                      Setup.obs
154  _INT64                                             Setup.obs
155  _ISDIFXINSTALLERINFO                               isrt.obl(ISDIFx.obs)
156  _LAAW_PARAMETERS                                   Setup.obs
157  _LAAW_TEMP_DATA                                    isrt.obl(Extend.obs)
158  _RESTOREPOINTINFO                                  Setup.obs
159  _SERVICE_IS_PARAMS                                 Setup.obs
160  _STATEMGRSTATUS                                    Setup.obs
161  _WIN9X                                             Setup.obs
162  _WINNT                                             Setup.obs
163  __hContext                                         Setup.obs
164  __objGlobalTextSub                                 Setup.obs
165  __szGUID                                           Setup.obs
166  bBackButton                                        Setup.obs
167  bCancelButton                                      Setup.obs
168  bEnterDiskBeep                                     Setup.obs
169  bFinishButton                                      Setup.obs
170  bIFXLFNoToAll                                      Setup.obs
171  bIFXLFOnRebootToAll                                Setup.obs
172  bIFXLFYesToAll                                     Setup.obs
173  bIFXMD5IgnoreToAll                                 Setup.obs
174  bIFXRONoToAll                                      Setup.obs
175  bIFXROYesToAll                                     Setup.obs
176  bIFXSFNoToAll                                      Setup.obs
177  bIFXSFYesToAll                                     Setup.obs
178  bInstall16                                         Setup.obs
179  bNextButton                                        Setup.obs
180  bSdInit                                            Setup.obs
181  bViewCmptKunits                                    Setup.obs
182  bViewCmptUseDecimal                                Setup.obs
183  g_bSuppressMissingStringWarning                    isrt.obl(Enable.obs)
184  nDlgEnterPassword                                  Setup.obs
185  nDlgMessageBox                                     Setup.obs
186  nDlgSelectDir                                      Setup.obs
187  nDlgSprintfBox                                     Setup.obs
188  nSdAskDestPath2                                    Setup.obs
189  nSdFinish                                          Setup.obs
190  nSdFinishReboot                                    Setup.obs
191  nSdWelcome                                         Setup.obs
192  szAppKey                                           Setup.obs
193  szSdProduct                                        Setup.obs
194  szSdStr_NotEnoughSpace                             Setup.obs
